
[WebServer] (node:39848) Warning: The 'NO_COLOR' env is ignored due to the 'FORCE_COLOR' env being set.
[WebServer] (Use `node --trace-warnings ...` to show where the warning was created)

[WebServer] (node:41668) Warning: The 'NO_COLOR' env is ignored due to the 'FORCE_COLOR' env being set.
[WebServer] (Use `node --trace-warnings ...` to show where the warning was created)
[WebServer] (node:43672) Warning: The 'NO_COLOR' env is ignored due to the 'FORCE_COLOR' env being set.
[WebServer] (Use `node --trace-warnings ...` to show where the warning was created)

[WebServer] (node:17652) Warning: The 'NO_COLOR' env is ignored due to the 'FORCE_COLOR' env being set.

[WebServer] (Use `node --trace-warnings ...` to show where the warning was created)

Running 225 tests using 2 workers


(node:48060) Warning: The 'NO_COLOR' env is ignored due to the 'FORCE_COLOR' env being set.
(Use `node --trace-warnings ...` to show where the warning was created)

(node:2444) Warning: The 'NO_COLOR' env is ignored due to the 'FORCE_COLOR' env being set.
(Use `node --trace-warnings ...` to show where the warning was created)


[1/225] [real-api] › tests\allocation-real-api.spec.ts:3:1 › explicit allocation outage stays unsupported without a fake map
[2/225] [real-api] › tests\case8-acceptance.spec.ts:25:3 › Case8 acceptance chain › every recorded snapshot index is addressable and index 0 is refused
[WebServer] WARNING:waitress.queue:Task queue depth is 1

[WebServer] WARNING:waitress.queue:Task queue depth is 2


[WebServer] WARNING:waitress.queue:Task queue depth is 3
[WebServer] WARNING:waitress.queue:Task queue depth is 1

[3/225] [real-api] › tests\case8-acceptance.spec.ts:34:3 › Case8 acceptance chain › the initial frame is snapshot 1 with step 0, not snapshot 0
[4/225] [real-api] › tests\case8-acceptance.spec.ts:40:3 › Case8 acceptance chain › snapshot 6 of D_u shows step 1912 and physical time 0.08
[5/225] [real-api] › tests\allocation-real-api.spec.ts:23:1 › real Lab -> Case8 -> Allocation -> D_u -> all Gates -> Evidence
[6/225] [real-api] › tests\case8-acceptance.spec.ts:47:3 › Case8 acceptance chain › entropy tab reports a 1912-record series for the selected configuration
[7/225] [real-api] › tests\case8-acceptance.spec.ts:53:3 › Case8 acceptance chain › metrics tab reports the recorded snapshot scope and definitions
[8/225] [real-api] › tests\case8-acceptance.spec.ts:59:3 › Case8 acceptance chain › an absent metric is rendered as missing, never as zero
[9/225] [real-api] › tests\case8-acceptance.spec.ts:68:3 › Case8 acceptance chain › evidence view exposes provenance without an absolute source path
[10/225] [real-api] › tests\case8-acceptance.spec.ts:77:3 › state restoration › reloading a deep link restores the selection
[11/225] [real-api] › tests\case8-acceptance.spec.ts:84:3 › state restoration › back navigation restores the previous tab selection
[12/225] [real-api] › tests\case8-acceptance.spec.ts:91:3 › state restoration › switching configuration clears the previous selection
[13/225] [real-api] › tests\case8-acceptance.spec.ts:98:3 › state restoration › the snapshot timeline offers exactly the six recorded frames
[14/225] [real-api] › tests\case8-acceptance.spec.ts:107:3 › bootstrap chain still holds › the frozen bootstrap route chain is unchanged
[WebServer] WARNING:waitress.queue:Task queue depth is 1
[WebServer] WARNING:waitress.queue:Task queue depth is 2


[WebServer] WARNING:waitress.queue:Task queue depth is 2

[WebServer] WARNING:waitress.queue:Task queue depth is 1
[15/225] [real-api] › tests\case8-real-integration.spec.ts:3:1 › real vertical slice and four-configuration acceptance
[16/225] [real-api] › tests\allocation-real-api.spec.ts:94:3 › rejects an API representation mismatch without drawing a field
[17/225] [real-api] › tests\allocation-real-api.spec.ts:94:3 › rejects an API semantic mismatch without drawing a field
[18/225] [real-api] › tests\allocation-real-api.spec.ts:94:3 › rejects an API mask mismatch without drawing a field
[19/225] [real-api] › tests\allocation-real-api.spec.ts:94:3 › rejects an API measure mismatch without drawing a field
[20/225] [real-api] › tests\closure-real-api.spec.ts:12:1 › Lab opens Closure and traverses D_u .05 stages, steps, Evidence and B_u recorded zero
  1) [real-api] › tests\closure-real-api.spec.ts:12:1 › Lab opens Closure and traverses D_u .05 stages, steps, Evidence and B_u recorded zero 

    Error: expect(locator).toHaveAttribute(expected) failed

    Locator: getByTestId('closure-history')
    Expected: "PER_STAGE"
    Timeout: 10000ms
    Error: element(s) not found

    Call log:
      - Expect "toHaveAttribute" getByTestId('closure-history') with timeout 10000ms
      - waiting for getByTestId('closure-history')


      16 |   await page.getByTestId('closure-run').selectOption(legal[2])
      17 |   await page.getByTestId('tab-semi-discrete').click()
    > 18 |   await expect(page.getByTestId('closure-history')).toHaveAttribute('data-granularity', 'PER_STAGE')
         |                                                     ^
      19 |   await page.getByTestId('tab-fully-discrete').click()
      20 |   await expect(page.getByTestId('closure-history')).toHaveAttribute('data-granularity', 'PER_STEP')
      21 |   await expect(page.getByTestId('refinement-table').locator('tbody tr')).toHaveCount(4)
        at D:\code_project\CFD_visiblesystem\frontend\tests\closure-real-api.spec.ts:18:53

    Error Context: test-results\closure-real-api-Lab-opens-976da-dence-and-B-u-recorded-zero-real-api\error-context.md



(node:51748) Warning: The 'NO_COLOR' env is ignored due to the 'FORCE_COLOR' env being set.
(Use `node --trace-warnings ...` to show where the warning was created)

[21/225] [real-api] › tests\closure-real-api.spec.ts:41:1 › CLO01 supplies exactly five complete legal selections; every run is selectable
[22/225] [real-api] › tests\case8-real-integration.spec.ts:66:1 › real API outage shows an error without a mock fallback
[23/225] [real-api] › tests\cylinder-crossflow-real-api.spec.ts:7:3 › Cylinder A_u: exact tabs, selectors and five actual snapshots
[24/225] [real-api] › tests\closure-real-api.spec.ts:53:1 › invalid config × CFL deep link produces no history request or result

[WebServer] WARNING:waitress.queue:Task queue depth is 1

[WebServer] WARNING:waitress.queue:Task queue depth is 2

[WebServer] WARNING:waitress.queue:Task queue depth is 3

[WebServer] WARNING:waitress.queue:Task queue depth is 4
[WebServer] WARNING:waitress.queue:Task queue depth is 4

[WebServer] WARNING:waitress.queue:Task queue depth is 4


[WebServer] WARNING:waitress.queue:Task queue depth is 4
[25/225] [real-api] › tests\closure-real-api.spec.ts:61:1 › Semi-discrete preserves PER_STAGE records, clocks, definitions and optional channels
[26/225] [real-api] › tests\cylinder-crossflow-real-api.spec.ts:33:3 › Cylinder A_u: 16 trajectory sectors, front-band and cumulative2D Missing

[WebServer] WARNING:waitress.queue:Task queue depth is 1

[WebServer] WARNING:waitress.queue:Task queue depth is 2

[WebServer] WARNING:waitress.queue:Task queue depth is 2

[WebServer] WARNING:waitress.queue:Task queue depth is 2

[WebServer] WARNING:waitress.queue:Task queue depth is 3
[WebServer] WARNING:waitress.queue:Task queue depth is 3

[27/225] [real-api] › tests\cylinder-crossflow-real-api.spec.ts:7:3 › Cylinder B_u: exact tabs, selectors and five actual snapshots

[WebServer] WARNING:waitress.queue:Task queue depth is 1
[WebServer] WARNING:waitress.queue:Task queue depth is 2
[WebServer] WARNING:waitress.queue:Task queue depth is 3

[WebServer] WARNING:waitress.queue:Task queue depth is 3


[WebServer] WARNING:waitress.queue:Task queue depth is 3
[WebServer] WARNING:waitress.queue:Task queue depth is 3

[WebServer] WARNING:waitress.queue:Task queue depth is 2

[28/225] [real-api] › tests\closure-real-api.spec.ts:82:1 › Fully-discrete keeps increments, cumulative and terminal values distinct through final page
  2) [real-api] › tests\cylinder-crossflow-real-api.spec.ts:7:3 › Cylinder B_u: exact tabs, selectors and five actual snapshots 

    Error: expect(locator).toHaveAttribute(expected) failed

    Locator: getByTestId('instantaneous-field')
    Expected: "128"
    Timeout: 10000ms
    Error: element(s) not found

    Call log:
      - Expect "toHaveAttribute" getByTestId('instantaneous-field') with timeout 10000ms
      - waiting for getByTestId('instantaneous-field')


      19 |       await expect(page.getByTestId('snapshot-meta')).toContainText(`已完成步=${steps[snapshot - 1]}`)
      20 |       await expect(page.getByTestId('snapshot-meta')).toContainText("物理时间=")
    > 21 |       await expect(page.getByTestId('instantaneous-field')).toHaveAttribute('width', '128')
         |                                                             ^
      22 |       await expect(page.getByTestId('instantaneous-field')).toHaveAttribute('height', '31')
      23 |       await expect(page.getByTestId('field-availability')).toContainText("radial_interior_pi_at: 可用")
      24 |     }
        at D:\code_project\CFD_visiblesystem\frontend\tests\cylinder-crossflow-real-api.spec.ts:21:61

    Error Context: test-results\cylinder-crossflow-real-ap-1b2b5-s-and-five-actual-snapshots-real-api\error-context.md


  3) [real-api] › tests\closure-real-api.spec.ts:82:1 › Fully-discrete keeps increments, cumulative and terminal values distinct through final page 

    Error: expect(locator).toHaveAttribute(expected) failed

    Locator: getByTestId('closure-history')
    Expected: "PER_STEP"
    Timeout: 10000ms
    Error: element(s) not found

    Call log:
      - Expect "toHaveAttribute" getByTestId('closure-history') with timeout 10000ms
      - waiting for getByTestId('closure-history')


      82 | test('Fully-discrete keeps increments, cumulative and terminal values distinct through final page', async ({ page, request }) => {
      83 |   await open(page, legal[0], 'fully-discrete')
    > 84 |   await expect(page.getByTestId('closure-history')).toHaveAttribute('data-granularity', 'PER_STEP')
         |                                                     ^
      85 |   const raw = (await (await request.get(`/api/v1/experiments/entropy-closure/runs/${legal[0]}/step-history?limit=1`)).json()).data
      86 |   for (const field of ['DeltaS', 'E_obs_step', 'R_time_step', 'R_time_cumulative', 'E_bg_step', 'E_aa_step', 'E_at_step', 'E_total_independent_step']) {
      87 |     const s = raw.series.find((s: { series_id: string }) => s.series_id === field)
        at D:\code_project\CFD_visiblesystem\frontend\tests\closure-real-api.spec.ts:84:53

    Error Context: test-results\closure-real-api-Fully-dis-71b0e-distinct-through-final-page-real-api\error-context.md




(node:14744) Warning: The 'NO_COLOR' env is ignored due to the 'FORCE_COLOR' env being set.
(Use `node --trace-warnings ...` to show where the warning was created)
[29/225] [real-api] › tests\cylinder-crossflow-real-api.spec.ts:33:3 › Cylinder B_u: 16 trajectory sectors, front-band and cumulative2D Missing
(node:35412) Warning: The 'NO_COLOR' env is ignored due to the 'FORCE_COLOR' env being set.

(Use `node --trace-warnings ...` to show where the warning was created)

[30/225] [real-api] › tests\closure-real-api.spec.ts:101:1 › B_u D_at and E_at are recorded zeros, never missing
[WebServer] WARNING:waitress.queue:Task queue depth is 1


[WebServer] WARNING:waitress.queue:Task queue depth is 1

[WebServer] WARNING:waitress.queue:Task queue depth is 1
[WebServer] WARNING:waitress.queue:Task queue depth is 2

[WebServer] WARNING:waitress.queue:Task queue depth is 3
[WebServer] WARNING:waitress.queue:Task queue depth is 4


[WebServer] WARNING:waitress.queue:Task queue depth is 4

[WebServer] WARNING:waitress.queue:Task queue depth is 4
[WebServer] WARNING:waitress.queue:Task queue depth is 4

[31/225] [real-api] › tests\cylinder-crossflow-real-api.spec.ts:7:3 › Cylinder D_u: exact tabs, selectors and five actual snapshots
[WebServer] WARNING:waitress.queue:Task queue depth is 1

[WebServer] WARNING:waitress.queue:Task queue depth is 2

[WebServer] WARNING:waitress.queue:Task queue depth is 3

[WebServer] WARNING:waitress.queue:Task queue depth is 3

[WebServer] WARNING:waitress.queue:Task queue depth is 3


[WebServer] WARNING:waitress.queue:Task queue depth is 3
[WebServer] WARNING:waitress.queue:Task queue depth is 2

  4) [real-api] › tests\closure-real-api.spec.ts:101:1 › B_u D_at and E_at are recorded zeros, never missing 

    Error: expect(locator).toHaveText(expected) failed

    Locator: locator('[data-series="E_at_step"] td').first()
    Expected: "0"
    Timeout: 10000ms
    Error: element(s) not found

    Call log:
      - Expect "toHaveText" locator('[data-series="E_at_step"] td').first() with timeout 10000ms
      - waiting for locator('[data-series="E_at_step"] td').first()


      105 |   await expect(page.locator('[data-series="D_at"] td').first()).toHaveText('0')
      106 |   await page.getByTestId('tab-fully-discrete').click()
    > 107 |   await expect(page.locator('[data-series="E_at_step"] td').first()).toHaveText('0')
          |                                                                      ^
      108 |   await expect(page.locator('[data-metric="E_at_total"] td').first()).toHaveText('0')
      109 | })
      110 | test('four-point refinement and global/pairwise orders equal frozen CLO05', async ({ page, request }) => {
        at D:\code_project\CFD_visiblesystem\frontend\tests\closure-real-api.spec.ts:107:70

    Error Context: test-results\closure-real-api-B-u-D-at--0bc27-ecorded-zeros-never-missing-real-api\error-context.md


  5) [real-api] › tests\cylinder-crossflow-real-api.spec.ts:7:3 › Cylinder D_u: exact tabs, selectors and five actual snapshots 

    Error: expect(locator).toHaveAttribute(expected) failed

    Locator: getByTestId('instantaneous-field')
    Expected: "128"
    Timeout: 10000ms
    Error: element(s) not found

    Call log:
      - Expect "toHaveAttribute" getByTestId('instantaneous-field') with timeout 10000ms
      - waiting for getByTestId('instantaneous-field')


      19 |       await expect(page.getByTestId('snapshot-meta')).toContainText(`已完成步=${steps[snapshot - 1]}`)
      20 |       await expect(page.getByTestId('snapshot-meta')).toContainText("物理时间=")
    > 21 |       await expect(page.getByTestId('instantaneous-field')).toHaveAttribute('width', '128')
         |                                                             ^
      22 |       await expect(page.getByTestId('instantaneous-field')).toHaveAttribute('height', '31')
      23 |       await expect(page.getByTestId('field-availability')).toContainText("radial_interior_pi_at: 可用")
      24 |     }
        at D:\code_project\CFD_visiblesystem\frontend\tests\cylinder-crossflow-real-api.spec.ts:21:61

    Error Context: test-results\cylinder-crossflow-real-ap-11a97-s-and-five-actual-snapshots-real-api\error-context.md



(node:46964) Warning: The 'NO_COLOR' env is ignored due to the 'FORCE_COLOR' env being set.
(Use `node --trace-warnings ...` to show where the warning was created)

[32/225] [real-api] › tests\closure-real-api.spec.ts:110:1 › four-point refinement and global/pairwise orders equal frozen CLO05
(node:32292) Warning: The 'NO_COLOR' env is ignored due to the 'FORCE_COLOR' env being set.
(Use `node --trace-warnings ...` to show where the warning was created)


[33/225] [real-api] › tests\cylinder-crossflow-real-api.spec.ts:33:3 › Cylinder D_u: 16 trajectory sectors, front-band and cumulative2D Missing

[WebServer] WARNING:waitress.queue:Task queue depth is 1
[WebServer] WARNING:waitress.queue:Task queue depth is 2

[WebServer] WARNING:waitress.queue:Task queue depth is 1


[WebServer] WARNING:waitress.queue:Task queue depth is 2
[WebServer] WARNING:waitress.queue:Task queue depth is 3

[WebServer] WARNING:waitress.queue:Task queue depth is 4


[WebServer] WARNING:waitress.queue:Task queue depth is 4
[WebServer] WARNING:waitress.queue:Task queue depth is 4

[WebServer] WARNING:waitress.queue:Task queue depth is 4

[34/225] [real-api] › tests\cylinder-crossflow-real-api.spec.ts:48:1 › Cylinder full 9757-record history retains scalar semantics and independent snapshot state
[WebServer] WARNING:waitress.queue:Task queue depth is 1


[WebServer] WARNING:waitress.queue:Task queue depth is 2
[WebServer] WARNING:waitress.queue:Task queue depth is 3

[WebServer] WARNING:waitress.queue:Task queue depth is 4

[WebServer] WARNING:waitress.queue:Task queue depth is 3

  6) [real-api] › tests\cylinder-crossflow-real-api.spec.ts:48:1 › Cylinder full 9757-record history retains scalar semantics and independent snapshot state 

    Error: expect(locator).toBeVisible() failed

    Locator: getByTestId('cylinder-entropy-chart')
    Expected: visible
    Timeout: 10000ms
    Error: element(s) not found

    Call log:
      - Expect "toBeVisible" getByTestId('cylinder-entropy-chart') with timeout 10000ms
      - waiting for getByTestId('cylinder-entropy-chart')


      50 |   page.on('request', r => { if (r.url().includes('/cylinder/configs/D_u/entropy-history')) offsets.push(new URL(r.url()).searchParams.get('offset') ?? '') })
      51 |   await page.goto('/lab/experiments/cylinder?config=D_u&tab=entropy&snapshot=3&step=123')
    > 52 |   await expect(page.getByTestId('cylinder-entropy-chart')).toBeVisible()
         |                                                            ^
      53 |   await expect(page.locator('[data-point-count="9757"]')).toHaveCount(4)
      54 |   await expect(page.getByTestId('cylinder-history')).toContainText("保留来源接受区间起止时间")
      55 |   await expect(page.getByTestId('cylinder-history')).toContainText("仅内部")
        at D:\code_project\CFD_visiblesystem\frontend\tests\cylinder-crossflow-real-api.spec.ts:52:60

    Error Context: test-results\cylinder-crossflow-real-ap-b4aab--independent-snapshot-state-real-api\error-context.md


(node:48256) Warning: The 'NO_COLOR' env is ignored due to the 'FORCE_COLOR' env being set.
(Use `node --trace-warnings ...` to show where the warning was created)


[35/225] [real-api] › tests\cylinder-crossflow-real-api.spec.ts:65:1 › Cylinder local canonical metrics retain definitions, detectors, units, time and detector floor
[36/225] [real-api] › tests\closure-real-api.spec.ts:123:1 › scientific limitation remains visible on every tab, with no prohibited claim or spatial view
[WebServer] WARNING:waitress.queue:Task queue depth is 1

[WebServer] WARNING:waitress.queue:Task queue depth is 1

[WebServer] WARNING:waitress.queue:Task queue depth is 2

[WebServer] WARNING:waitress.queue:Task queue depth is 3

[WebServer] WARNING:waitress.queue:Task queue depth is 4

[WebServer] WARNING:waitress.queue:Task queue depth is 4

[WebServer] WARNING:waitress.queue:Task queue depth is 4

[WebServer] WARNING:waitress.queue:Task queue depth is 3


[WebServer] WARNING:waitress.queue:Task queue depth is 3
[WebServer] WARNING:waitress.queue:Task queue depth is 3

[37/225] [real-api] › tests\cylinder-crossflow-real-api.spec.ts:75:1 › Cylinder evidence return restores config, tab, snapshot, field and scalar state

[WebServer] WARNING:waitress.queue:Task queue depth is 1
[WebServer] WARNING:waitress.queue:Task queue depth is 2

[WebServer] WARNING:waitress.queue:Task queue depth is 2


[WebServer] WARNING:waitress.queue:Task queue depth is 3
[WebServer] WARNING:waitress.queue:Task queue depth is 4

[WebServer] WARNING:waitress.queue:Task queue depth is 5

[WebServer] WARNING:waitress.queue:Task queue depth is 6

[WebServer] WARNING:waitress.queue:Task queue depth is 7

[WebServer] WARNING:waitress.queue:Task queue depth is 8

[WebServer] WARNING:waitress.queue:Task queue depth is 8


[WebServer] WARNING:waitress.queue:Task queue depth is 6
  7) [real-api] › tests\cylinder-crossflow-real-api.spec.ts:75:1 › Cylinder evidence return restores config, tab, snapshot, field and scalar state 

    Error: expect(locator).toBeVisible() failed

    Locator: getByTestId('instantaneous-field')
    Expected: visible
    Timeout: 10000ms
    Error: element(s) not found

    Call log:
      - Expect "toBeVisible" getByTestId('instantaneous-field') with timeout 10000ms
      - waiting for getByTestId('instantaneous-field')


      75 | test('Cylinder evidence return restores config, tab, snapshot, field and scalar state', async ({ page }) => {
      76 |   await page.goto('/lab/experiments/cylinder?config=B_u&tab=flow&snapshot=4&field=angular_interior_pi_at&step=123')
    > 77 |   await expect(page.getByTestId('instantaneous-field')).toBeVisible()
         |                                                         ^
      78 |   await page.locator('figure').getByTestId('evidence-link').first().click()
      79 |   await page.getByTestId('quick-full-record').click()
      80 |   await expect(page.getByTestId('evidence-record')).toBeVisible()
        at D:\code_project\CFD_visiblesystem\frontend\tests\cylinder-crossflow-real-api.spec.ts:77:57

    Error Context: test-results\cylinder-crossflow-real-ap-e05fc-shot-field-and-scalar-state-real-api\error-context.md


  8) [real-api] › tests\closure-real-api.spec.ts:123:1 › scientific limitation remains visible on every tab, with no prohibited claim or spatial view 

    Error: expect(locator).toBeVisible() failed

    Locator: getByTestId('unsupported-tab')
    Expected: visible
    Timeout: 10000ms
    Error: element(s) not found

    Call log:
      - Expect "toBeVisible" getByTestId('unsupported-tab') with timeout 10000ms
      - waiting for getByTestId('unsupported-tab')


      133 |   expect(spatial).toEqual([])
      134 |   await page.goto(`${base}?run=${legal[0]}&tab=flow`)
    > 135 |   await expect(page.getByTestId('unsupported-tab')).toBeVisible()
          |                                                     ^
      136 |   await expect(page.getByRole('tab', { name: "流场", exact: true })).toHaveCount(0)
      137 | })
      138 | for (const [tab, group] of [['overview', 'run'], ['semi-discrete', 'stage'], ['fully-discrete', 'step'], ['evidence', 'run']] as const) {
        at D:\code_project\CFD_visiblesystem\frontend\tests\closure-real-api.spec.ts:135:53

    Error Context: test-results\closure-real-api-scientifi-eca95-bited-claim-or-spatial-view-real-api\error-context.md


(node:26132) Warning: The 'NO_COLOR' env is ignored due to the 'FORCE_COLOR' env being set.
(Use `node --trace-warnings ...` to show where the warning was created)


[38/225] [real-api] › tests\cylinder-crossflow-real-api.spec.ts:86:1 › Cross-flow renders distinct scientific objects, policies, comparability and both evidence contexts
(node:23240) Warning: The 'NO_COLOR' env is ignored due to the 'FORCE_COLOR' env being set.

(Use `node --trace-warnings ...` to show where the warning was created)

[39/225] [real-api] › tests\closure-real-api.spec.ts:139:3 › Evidence run returns current run/tab/page from overview

[WebServer] WARNING:waitress.queue:Task queue depth is 6

[WebServer] WARNING:waitress.queue:Task queue depth is 7
[WebServer] WARNING:waitress.queue:Task queue depth is 8


[WebServer] WARNING:waitress.queue:Task queue depth is 9
[WebServer] WARNING:waitress.queue:Task queue depth is 10

[WebServer] WARNING:waitress.queue:Task queue depth is 3


[WebServer] WARNING:waitress.queue:Task queue depth is 3
[WebServer] WARNING:waitress.queue:Task queue depth is 4

[WebServer] WARNING:waitress.queue:Task queue depth is 5

[WebServer] WARNING:waitress.queue:Task queue depth is 6

[WebServer] WARNING:waitress.queue:Task queue depth is 4

[WebServer] WARNING:waitress.queue:Task queue depth is 4

[WebServer] WARNING:waitress.queue:Task queue depth is 4

[WebServer] WARNING:waitress.queue:Task queue depth is 4

[WebServer] WARNING:waitress.queue:Task queue depth is 4


[WebServer] WARNING:waitress.queue:Task queue depth is 4

[WebServer] WARNING:waitress.queue:Task queue depth is 1
[WebServer] WARNING:waitress.queue:Task queue depth is 2

[40/225] [real-api] › tests\closure-real-api.spec.ts:139:3 › Evidence stage returns current run/tab/page from semi-discrete
[WebServer] WARNING:waitress.queue:Task queue depth is 1

[WebServer] WARNING:waitress.queue:Task queue depth is 2

[WebServer] WARNING:waitress.queue:Task queue depth is 2


[WebServer] WARNING:waitress.queue:Task queue depth is 2
[WebServer] WARNING:waitress.queue:Task queue depth is 2

[WebServer] WARNING:waitress.queue:Task queue depth is 2


[WebServer] WARNING:waitress.queue:Task queue depth is 2
[WebServer] WARNING:waitress.queue:Task queue depth is 3

[WebServer] WARNING:waitress.queue:Task queue depth is 4


[WebServer] WARNING:waitress.queue:Task queue depth is 1
[WebServer] WARNING:waitress.queue:Task queue depth is 1


[WebServer] WARNING:waitress.queue:Task queue depth is 1

[WebServer] WARNING:waitress.queue:Task queue depth is 1
[WebServer] WARNING:waitress.queue:Task queue depth is 2

[WebServer] WARNING:waitress.queue:Task queue depth is 3

[WebServer] WARNING:waitress.queue:Task queue depth is 4

[WebServer] WARNING:waitress.queue:Task queue depth is 5

[WebServer] WARNING:waitress.queue:Task queue depth is 4

[WebServer] WARNING:waitress.queue:Task queue depth is 4

[WebServer] WARNING:waitress.queue:Task queue depth is 4

[WebServer] WARNING:waitress.queue:Task queue depth is 4

[41/225] [real-api] › tests\closure-real-api.spec.ts:139:3 › Evidence step returns current run/tab/page from fully-discrete

[WebServer] WARNING:waitress.queue:Task queue depth is 1
[WebServer] WARNING:waitress.queue:Task queue depth is 1

[WebServer] WARNING:waitress.queue:Task queue depth is 2

[42/225] [real-api] › tests\cylinder-crossflow-real-api.spec.ts:122:3 › API outage has no mock fallback: /lab/experiments/cylinder?tab=flow
[43/225] [real-api] › tests\cylinder-crossflow-real-api.spec.ts:122:3 › API outage has no mock fallback: /lab/experiments/cylinder?tab=entropy
[44/225] [real-api] › tests\cylinder-crossflow-real-api.spec.ts:122:3 › API outage has no mock fallback: /lab/experiments/cylinder?tab=sectors
[45/225] [real-api] › tests\cylinder-crossflow-real-api.spec.ts:122:3 › API outage has no mock fallback: /lab/experiments/cylinder?tab=metrics
[46/225] [real-api] › tests\cylinder-crossflow-real-api.spec.ts:122:3 › API outage has no mock fallback: /cross-flow
[47/225] [real-api] › tests\cylinder-crossflow-real-api.spec.ts:130:1 › field asset failure shows Missing without substituting another frame
  9) [real-api] › tests\closure-real-api.spec.ts:139:3 › Evidence step returns current run/tab/page from fully-discrete 

    Error: expect(locator).toBeVisible() failed

    Locator: locator('a[data-testid="evidence-link"][href*="ev.entropy-closure.D_u-cfl-0.05.step"]').first()
    Expected: visible
    Timeout: 10000ms
    Error: element(s) not found

    Call log:
      - Expect "toBeVisible" locator('a[data-testid="evidence-link"][href*="ev.entropy-closure.D_u-cfl-0.05.step"]').first() with timeout 10000ms
      - waiting for locator('a[data-testid="evidence-link"][href*="ev.entropy-closure.D_u-cfl-0.05.step"]').first()


      141 |     const url = page.url()
      142 |     const link = page.locator(`a[data-testid="evidence-link"][href*="ev.entropy-closure.${legal[2]}.${group}"]`).first()
    > 143 |     await expect(link).toBeVisible(); await link.click()
          |                        ^
      144 |     await page.getByTestId('quick-full-record').click()
      145 |     await expect(page.getByTestId('evidence-record')).toBeVisible()
      146 |     await expect(page.getByTestId('evidence-config')).toHaveText(legal[2])
        at D:\code_project\CFD_visiblesystem\frontend\tests\closure-real-api.spec.ts:143:24

    Error Context: test-results\closure-real-api-Evidence--f9913-ab-page-from-fully-discrete-real-api\error-context.md


  10) [real-api] › tests\cylinder-crossflow-real-api.spec.ts:130:1 › field asset failure shows Missing without substituting another frame 

    Error: expect(locator).toContainText(expected) failed

    Locator: locator('[data-state="missing"]')
    Expected substring: "Saved field unavailable"
    Timeout: 10000ms
    Error: element(s) not found

    Call log:
      - Expect "toContainText" locator('[data-state="missing"]') with timeout 10000ms
      - waiting for locator('[data-state="missing"]')


      131 |   await page.route('**/cylinder/configs/D_u/snapshots/2/fields/**', route => route.fulfill({ status: 404, contentType: 'application/json', body: JSON.stringify({ availability: 'MISSING', error: { message: 'Saved field unavailable' } }) }))
      132 |   await page.goto('/lab/experiments/cylinder?tab=flow&snapshot=2')
    > 133 |   await expect(page.locator('[data-state="missing"]')).toContainText('Saved field unavailable')
          |                                                        ^
      134 |   await expect(page.getByTestId('instantaneous-field')).toHaveCount(0)
      135 | })
      136 | test('invalid snapshot and unsupported config deep links never create frames or C_u selector', async ({ page }) => {
        at D:\code_project\CFD_visiblesystem\frontend\tests\cylinder-crossflow-real-api.spec.ts:133:56

    Error Context: test-results\cylinder-crossflow-real-ap-ad4fd--substituting-another-frame-real-api\error-context.md


(node:35888) Warning: The 'NO_COLOR' env is ignored due to the 'FORCE_COLOR' env being set.

(Use `node --trace-warnings ...` to show where the warning was created)

[48/225] [real-api] › tests\closure-real-api.spec.ts:139:3 › Evidence run returns current run/tab/page from evidence
(node:12064) Warning: The 'NO_COLOR' env is ignored due to the 'FORCE_COLOR' env being set.

(Use `node --trace-warnings ...` to show where the warning was created)

[49/225] [real-api] › tests\cylinder-crossflow-real-api.spec.ts:136:1 › invalid snapshot and unsupported config deep links never create frames or C_u selector
[WebServer] WARNING:waitress.queue:Task queue depth is 1

[WebServer] WARNING:waitress.queue:Task queue depth is 2


[WebServer] WARNING:waitress.queue:Task queue depth is 3
[WebServer] WARNING:waitress.queue:Task queue depth is 4


[WebServer] WARNING:waitress.queue:Task queue depth is 1
[WebServer] WARNING:waitress.queue:Task queue depth is 1


[WebServer] WARNING:waitress.queue:Task queue depth is 2
[WebServer] WARNING:waitress.queue:Task queue depth is 3


[WebServer] WARNING:waitress.queue:Task queue depth is 4
[WebServer] WARNING:waitress.queue:Task queue depth is 3

[WebServer] WARNING:waitress.queue:Task queue depth is 4


[WebServer] WARNING:waitress.queue:Task queue depth is 4
[WebServer] WARNING:waitress.queue:Task queue depth is 4

[WebServer] WARNING:waitress.queue:Task queue depth is 4

[50/225] [real-api] › tests\cylinder-crossflow-real-api.spec.ts:146:1 › Lab navigation opens Cylinder and cross-flow routes
[51/225] [real-api] › tests\closure-real-api.spec.ts:152:1 › Evidence tab exposes all runs, both history groups, and refinement; refinement returns same run
[WebServer] WARNING:waitress.queue:Task queue depth is 1

[52/225] [real-api] › tests\cylinder-crossflow-real-api.spec.ts:153:1 › production bundle contains zero mock implementation or fixture identifiers

[WebServer] WARNING:waitress.queue:Task queue depth is 1
[53/225] [real-api] › tests\cylinder-crossflow-real-api.spec.ts:158:1 › Cylinder config changes retain selected tab and replace allocation identity

[WebServer] WARNING:waitress.queue:Task queue depth is 1
[WebServer] WARNING:waitress.queue:Task queue depth is 2

[WebServer] WARNING:waitress.queue:Task queue depth is 3

[WebServer] WARNING:waitress.queue:Task queue depth is 4


[WebServer] WARNING:waitress.queue:Task queue depth is 4
[WebServer] WARNING:waitress.queue:Task queue depth is 5


[WebServer] WARNING:waitress.queue:Task queue depth is 1
[WebServer] WARNING:waitress.queue:Task queue depth is 2
[WebServer] WARNING:waitress.queue:Task queue depth is 3


[WebServer] WARNING:waitress.queue:Task queue depth is 4
[WebServer] WARNING:waitress.queue:Task queue depth is 5

[WebServer] WARNING:waitress.queue:Task queue depth is 5


[WebServer] WARNING:waitress.queue:Task queue depth is 4
[WebServer] WARNING:waitress.queue:Task queue depth is 3

[WebServer] WARNING:waitress.queue:Task queue depth is 4

[WebServer] WARNING:waitress.queue:Task queue depth is 1

[WebServer] WARNING:waitress.queue:Task queue depth is 1


[WebServer] WARNING:waitress.queue:Task queue depth is 2
[WebServer] WARNING:waitress.queue:Task queue depth is 3


[WebServer] WARNING:waitress.queue:Task queue depth is 4
[WebServer] WARNING:waitress.queue:Task queue depth is 4

[WebServer] WARNING:waitress.queue:Task queue depth is 4

[WebServer] WARNING:waitress.queue:Task queue depth is 3

[54/225] [real-api] › tests\closure-real-api.spec.ts:162:1 › changing run while history is in flight cannot show stale scientific data

[WebServer] WARNING:waitress.queue:Task queue depth is 1

[WebServer] WARNING:waitress.queue:Task queue depth is 2
[WebServer] WARNING:waitress.queue:Task queue depth is 3

[WebServer] WARNING:waitress.queue:Task queue depth is 4


[WebServer] WARNING:waitress.queue:Task queue depth is 5

[WebServer] WARNING:waitress.queue:Task queue depth is 6

[WebServer] WARNING:waitress.queue:Task queue depth is 6
[WebServer] WARNING:waitress.queue:Task queue depth is 6


[WebServer] WARNING:waitress.queue:Task queue depth is 6
[55/225] [real-api] › tests\data-projection.unit.spec.ts:4:1 › recorded zero remains zero
[56/225] [real-api] › tests\data-projection.unit.spec.ts:6:3 › UNKNOWN is never projected to zero
[57/225] [real-api] › tests\data-projection.unit.spec.ts:6:3 › MISSING is never projected to zero
[58/225] [real-api] › tests\data-projection.unit.spec.ts:6:3 › NOT_APPLICABLE is never projected to zero
[59/225] [real-api] › tests\data-projection.unit.spec.ts:8:1 › recorded physical time keeps its full precision
[60/225] [real-api] › tests\evidence-real-api.spec.ts:15:1 › Evidence navigation opens CURRENT with bounded EVI01 pagination and server filters
[61/225] [real-api] › tests\closure-real-api.spec.ts:178:1 › scientific missing response remains missing, without a substitute chart
[62/225] [real-api] › tests\closure-real-api.spec.ts:184:1 › non-production science is rejected even if API transport reports success
[63/225] [real-api] › tests\closure-real-api.spec.ts:202:3 › API registry failure displays error and no mock fallback
[64/225] [real-api] › tests\closure-real-api.spec.ts:202:3 › API stage failure displays error and no mock fallback
[65/225] [real-api] › tests\evidence-real-api.spec.ts:45:1 › GAPS exposes actual missing sources, effects and limits without repair actions
[66/225] [real-api] › tests\closure-real-api.spec.ts:202:3 › API step failure displays error and no mock fallback
[67/225] [real-api] › tests\evidence-real-api.spec.ts:60:1 › HISTORY is a separate historical selection; details return exact center filters/page
[68/225] [real-api] › tests\closure-real-api.spec.ts:202:3 › API refinement failure displays error and no mock fallback
[69/225] [real-api] › tests\closure-real-api.spec.ts:213:1 › production artifacts contain no mock provider or synthetic scientific payload
[70/225] [real-api] › tests\evidence.unit.spec.ts:5:1 › recorded zero and false remain known; unknown facts carry reasons
[71/225] [real-api] › tests\evidence.unit.spec.ts:11:1 › verification mapping retains every frozen status and distinguishes history and unfrozen evidence
[72/225] [real-api] › tests\evidence.unit.spec.ts:19:1 › public provenance and error text strip locators while preserving controlled relative origins
[73/225] [real-api] › tests\evidence.unit.spec.ts:26:3 › unsafe return context rejected: null
[74/225] [real-api] › tests\evidence.unit.spec.ts:26:3 › unsafe return context rejected: {broken
[75/225] [real-api] › tests\evidence.unit.spec.ts:26:3 › unsafe return context rejected: {"name":"https://evil.example"}
[76/225] [real-api] › tests\evidence.unit.spec.ts:26:3 › unsafe return context rejected: {"name":"lab","path":"file:///D:/science"}
[77/225] [real-api] › tests\evidence.unit.spec.ts:26:3 › unsafe return context rejected: {"name":"experiment"}
[78/225] [real-api] › tests\evidence.unit.spec.ts:26:3 › unsafe return context rejected: {"name":"lab","query":{"nested":{}}}
[79/225] [real-api] › tests\evidence.unit.spec.ts:28:1 › result and center return contexts preserve exact selectors
[80/225] [real-api] › tests\explore-real-api.spec.ts:16:1 › Home and Lab enter implemented Explore; CONTENT01 returns exactly seven presets
[81/225] [real-api] › tests\explore-real-api.spec.ts:31:3 › Scene 1 direct deep link, reload and production screenshot

[WebServer] WARNING:waitress.queue:Task queue depth is 1
[WebServer] WARNING:waitress.queue:Task queue depth is 2

[WebServer] WARNING:waitress.queue:Task queue depth is 3


[WebServer] WARNING:waitress.queue:Task queue depth is 4

[WebServer] WARNING:waitress.queue:Task queue depth is 1
  11) [real-api] › tests\evidence-real-api.spec.ts:60:1 › HISTORY is a separate historical selection; details return exact center filters/page 

    Error: expect(locator).toContainText(expected) failed

    Locator: getByTestId('evidence-card').first()
    Expected substring: "已被替代"
    Timeout: 10000ms
    Error: element(s) not found

    Call log:
      - Expect "toContainText" getByTestId('evidence-card').first() with timeout 10000ms
      - waiting for getByTestId('evidence-card').first()


      61 |   await page.goto('/evidence?section=HISTORY&status=SUPERSEDED&offset=20')
      62 |   await expect(page.getByTestId('evidence-HISTORY')).toContainText("不属于当前正式结果")
    > 63 |   await expect(page.getByTestId('evidence-card').first()).toContainText("已被替代")
         |                                                           ^
      64 |   const original = page.url()
      65 |   await page.getByTestId('evidence-card').first().getByRole('link', { name: /查看详情/ }).click()
      66 |   await expect(page.getByTestId('evidence-record')).toBeVisible()
        at D:\code_project\CFD_visiblesystem\frontend\tests\evidence-real-api.spec.ts:63:59

    Error Context: test-results\evidence-real-api-HISTORY--8f559-n-exact-center-filters-page-real-api\error-context.md


(node:4736) Warning: The 'NO_COLOR' env is ignored due to the 'FORCE_COLOR' env being set.

(Use `node --trace-warnings ...` to show where the warning was created)

[82/225] [real-api] › tests\evidence-real-api.spec.ts:73:1 › P09 renders complete canonical method/config/assets/freeze/processing/definitions/limitations/relations
[WebServer] WARNING:waitress.queue:Task queue depth is 1

[83/225] [real-api] › tests\explore-real-api.spec.ts:31:3 › Scene 2 direct deep link, reload and production screenshot
[84/225] [real-api] › tests\evidence-real-api.spec.ts:94:1 › drift response remains inspectable, with distinct recorded/current facts and no availability claim
[85/225] [real-api] › tests\explore-real-api.spec.ts:31:3 › Scene 3 direct deep link, reload and production screenshot
[86/225] [real-api] › tests\evidence-real-api.spec.ts:109:1 › source drift filters the current server page honestly without a forbidden query
[87/225] [real-api] › tests\evidence-real-api.spec.ts:128:1 › public text strips unsafe locators; all links are application routes and never downloads
[88/225] [real-api] › tests\explore-real-api.spec.ts:31:3 › Scene 4 direct deep link, reload and production screenshot
[89/225] [real-api] › tests\evidence-real-api.spec.ts:139:1 › known superseded_by links to registered successor; unknown fields are never inferred
[WebServer] WARNING:waitress.queue:Task queue depth is 1

[WebServer] WARNING:waitress.queue:Task queue depth is 2

[WebServer] WARNING:waitress.queue:Task queue depth is 3


[WebServer] WARNING:waitress.queue:Task queue depth is 4

[WebServer] WARNING:waitress.queue:Task queue depth is 4
[WebServer] WARNING:waitress.queue:Task queue depth is 4

[WebServer] WARNING:waitress.queue:Task queue depth is 2

[WebServer] WARNING:waitress.queue:Task queue depth is 1


[WebServer] WARNING:waitress.queue:Task queue depth is 1

[WebServer] WARNING:waitress.queue:Task queue depth is 1
[90/225] [real-api] › tests\evidence-real-api.spec.ts:158:3 › Quick close, Quick→Detail, Detail→Result and browser Back preserve /lab/experiments/case8?config=D_u&tab=allocation

[WebServer] WARNING:waitress.queue:Task queue depth is 1
[WebServer] WARNING:waitress.queue:Task queue depth is 2

[WebServer] WARNING:waitress.queue:Task queue depth is 3

[WebServer] WARNING:waitress.queue:Task queue depth is 4

[WebServer] WARNING:waitress.queue:Task queue depth is 5

[WebServer] WARNING:waitress.queue:Task queue depth is 4

[WebServer] WARNING:waitress.queue:Task queue depth is 4

[WebServer] WARNING:waitress.queue:Task queue depth is 4

[WebServer] WARNING:waitress.queue:Task queue depth is 4


[WebServer] WARNING:waitress.queue:Task queue depth is 3

[WebServer] WARNING:waitress.queue:Task queue depth is 2
[WebServer] WARNING:waitress.queue:Task queue depth is 1

[91/225] [real-api] › tests\explore-real-api.spec.ts:31:3 › Scene 5 direct deep link, reload and production screenshot
[WebServer] WARNING:waitress.queue:Task queue depth is 1


[WebServer] WARNING:waitress.queue:Task queue depth is 1
[92/225] [real-api] › tests\evidence-real-api.spec.ts:158:3 › Quick close, Quick→Detail, Detail→Result and browser Back preserve /lab/experiments/case8?config=D_u&tab=spectral&spectral_q=spectrum.q-0.396&spectral_mode=8

[WebServer] WARNING:waitress.queue:Task queue depth is 1
[93/225] [real-api] › tests\explore-real-api.spec.ts:31:3 › Scene 6 direct deep link, reload and production screenshot

[WebServer] WARNING:waitress.queue:Task queue depth is 1
[WebServer] WARNING:waitress.queue:Task queue depth is 2

[WebServer] WARNING:waitress.queue:Task queue depth is 3


[WebServer] WARNING:waitress.queue:Task queue depth is 1
[WebServer] WARNING:waitress.queue:Task queue depth is 1

[WebServer] WARNING:waitress.queue:Task queue depth is 2

[WebServer] WARNING:waitress.queue:Task queue depth is 3

[WebServer] WARNING:waitress.queue:Task queue depth is 1

[WebServer] WARNING:waitress.queue:Task queue depth is 1

[WebServer] WARNING:waitress.queue:Task queue depth is 1


[WebServer] WARNING:waitress.queue:Task queue depth is 2

[WebServer] WARNING:waitress.queue:Task queue depth is 3
[WebServer] WARNING:waitress.queue:Task queue depth is 4


[WebServer] WARNING:waitress.queue:Task queue depth is 4
[WebServer] WARNING:waitress.queue:Task queue depth is 3


[WebServer] WARNING:waitress.queue:Task queue depth is 2
[WebServer] WARNING:waitress.queue:Task queue depth is 3


[WebServer] WARNING:waitress.queue:Task queue depth is 4
[WebServer] WARNING:waitress.queue:Task queue depth is 4


[WebServer] WARNING:waitress.queue:Task queue depth is 4

[WebServer] WARNING:waitress.queue:Task queue depth is 1
[WebServer] WARNING:waitress.queue:Task queue depth is 2

[WebServer] WARNING:waitress.queue:Task queue depth is 3

[WebServer] WARNING:waitress.queue:Task queue depth is 1


[WebServer] WARNING:waitress.queue:Task queue depth is 2
[WebServer] WARNING:waitress.queue:Task queue depth is 3

[WebServer] WARNING:waitress.queue:Task queue depth is 3

[WebServer] WARNING:waitress.queue:Task queue depth is 1


[WebServer] WARNING:waitress.queue:Task queue depth is 1
[WebServer] WARNING:waitress.queue:Task queue depth is 2


[WebServer] WARNING:waitress.queue:Task queue depth is 2

[WebServer] WARNING:waitress.queue:Task queue depth is 3

[WebServer] WARNING:waitress.queue:Task queue depth is 4
[WebServer] WARNING:waitress.queue:Task queue depth is 3

[WebServer] WARNING:waitress.queue:Task queue depth is 2


[WebServer] WARNING:waitress.queue:Task queue depth is 3
[WebServer] WARNING:waitress.queue:Task queue depth is 3

[WebServer] WARNING:waitress.queue:Task queue depth is 3


[WebServer] WARNING:waitress.queue:Task queue depth is 3
[WebServer] WARNING:waitress.queue:Task queue depth is 1


[WebServer] WARNING:waitress.queue:Task queue depth is 1
[94/225] [real-api] › tests\evidence-real-api.spec.ts:158:3 › Quick close, Quick→Detail, Detail→Result and browser Back preserve /explore?scene=6&case8_config=D_u&cylinder_config=B_u&view=allocation
[WebServer] WARNING:waitress.queue:Task queue depth is 1


[WebServer] WARNING:waitress.queue:Task queue depth is 2

[WebServer] WARNING:waitress.queue:Task queue depth is 3
[WebServer] WARNING:waitress.queue:Task queue depth is 4

[WebServer] WARNING:waitress.queue:Task queue depth is 3

[WebServer] WARNING:waitress.queue:Task queue depth is 1

[WebServer] WARNING:waitress.queue:Task queue depth is 2


[WebServer] WARNING:waitress.queue:Task queue depth is 2
[WebServer] WARNING:waitress.queue:Task queue depth is 2

[95/225] [real-api] › tests\explore-real-api.spec.ts:31:3 › Scene 7 direct deep link, reload and production screenshot
[WebServer] WARNING:waitress.queue:Task queue depth is 2


[WebServer] WARNING:waitress.queue:Task queue depth is 2

[WebServer] WARNING:waitress.queue:Task queue depth is 2
[WebServer] WARNING:waitress.queue:Task queue depth is 1

[WebServer] WARNING:waitress.queue:Task queue depth is 1

[WebServer] WARNING:waitress.queue:Task queue depth is 1

[WebServer] WARNING:waitress.queue:Task queue depth is 2


[WebServer] WARNING:waitress.queue:Task queue depth is 3
[WebServer] WARNING:waitress.queue:Task queue depth is 4


[WebServer] WARNING:waitress.queue:Task queue depth is 1

[WebServer] WARNING:waitress.queue:Task queue depth is 2
[96/225] [real-api] › tests\evidence-real-api.spec.ts:187:1 › Quick View traps focus, Escape closes, and changing route aborts stale evidence

[WebServer] WARNING:waitress.queue:Task queue depth is 3
[97/225] [real-api] › tests\explore-real-api.spec.ts:53:1 › S1 reads B_u / D_u Case8 accepted histories and terminal facts verbatim
[WebServer] WARNING:waitress.queue:Task queue depth is 2


[WebServer] WARNING:waitress.queue:Task queue depth is 3

[WebServer] WARNING:waitress.queue:Task queue depth is 2
[WebServer] WARNING:waitress.queue:Task queue depth is 2


[WebServer] WARNING:waitress.queue:Task queue depth is 2
[WebServer] WARNING:waitress.queue:Task queue depth is 1


[WebServer] WARNING:waitress.queue:Task queue depth is 1
[WebServer] WARNING:waitress.queue:Task queue depth is 2


[WebServer] WARNING:waitress.queue:Task queue depth is 3
[98/225] [real-api] › tests\evidence-real-api.spec.ts:204:1 › Mechanism own EVI03 evidence is non-numerical in Quick and P09
[99/225] [real-api] › tests\explore-real-api.spec.ts:70:1 › S2 schematic and S3 strict/weak plus off/enabled use shared MechanismView

[WebServer] WARNING:waitress.queue:Task queue depth is 1
[WebServer] WARNING:waitress.queue:Task queue depth is 2


[WebServer] WARNING:waitress.queue:Task queue depth is 1
[100/225] [real-api] › tests\evidence-real-api.spec.ts:214:1 › Cylinder missing cumulative evidence stays MISSING and inspectable
[101/225] [real-api] › tests\explore-real-api.spec.ts:85:1 › S4 Gate matched q_at, common API scale, fixed window and saved fractions
[102/225] [real-api] › tests\evidence-real-api.spec.ts:220:1 › Closure evidence exposes recorded run and actual stage processing
[103/225] [real-api] › tests\evidence-real-api.spec.ts:228:53 › evidence index http error is explicit and retry uses real API without fallback

[WebServer] WARNING:waitress.queue:Task queue depth is 1

[WebServer] WARNING:waitress.queue:Task queue depth is 2

[WebServer] WARNING:waitress.queue:Task queue depth is 2

[WebServer] WARNING:waitress.queue:Task queue depth is 2

[WebServer] WARNING:waitress.queue:Task queue depth is 2
[WebServer] WARNING:waitress.queue:Task queue depth is 2

[104/225] [real-api] › tests\explore-real-api.spec.ts:103:1 › S5 complete real SPEC02 curves retain negative, positive and near-zero directions
[105/225] [real-api] › tests\explore-real-api.spec.ts:116:1 › S6 CMP01 fixed D_u pair keeps independent renderers, policies and missing 2D
[106/225] [real-api] › tests\evidence-real-api.spec.ts:228:53 › evidence index network error is explicit and retry uses real API without fallback

[WebServer] WARNING:waitress.queue:Task queue depth is 1
[WebServer] WARNING:waitress.queue:Task queue depth is 1

[WebServer] WARNING:waitress.queue:Task queue depth is 2

[WebServer] WARNING:waitress.queue:Task queue depth is 3


[WebServer] WARNING:waitress.queue:Task queue depth is 3
[WebServer] WARNING:waitress.queue:Task queue depth is 3


[WebServer] WARNING:waitress.queue:Task queue depth is 3
[WebServer] WARNING:waitress.queue:Task queue depth is 3


[WebServer] WARNING:waitress.queue:Task queue depth is 3
[107/225] [real-api] › tests\evidence-real-api.spec.ts:228:53 › evidence record http error is explicit and retry uses real API without fallback
[108/225] [real-api] › tests\evidence-real-api.spec.ts:228:53 › evidence record network error is explicit and retry uses real API without fallback
[109/225] [real-api] › tests\explore-real-api.spec.ts:129:1 › S7 real per-result evidence loads one record with identity/config/hash/limits; Detail returns
[110/225] [real-api] › tests\evidence-real-api.spec.ts:242:1 › Quick evidence API outage does not fabricate record; close preserves live result
[111/225] [real-api] › tests\explore-real-api.spec.ts:143:1 › Previous / Next, scene navigation and browser Back restore only Scene/page
[WebServer] WARNING:waitress.queue:Task queue depth is 1


[WebServer] WARNING:waitress.queue:Task queue depth is 1
[112/225] [real-api] › tests\explore-real-api.spec.ts:157:3 › S1 Open in Lab carries legal configuration/tab/source_scene and explicit return survives reload
[113/225] [real-api] › tests\evidence-real-api.spec.ts:255:1 › Allocation family, gate and comparison survive full record, browser Back and reload
[WebServer] WARNING:waitress.queue:Task queue depth is 1


[WebServer] WARNING:waitress.queue:Task queue depth is 2

[WebServer] WARNING:waitress.queue:Task queue depth is 3

[WebServer] WARNING:waitress.queue:Task queue depth is 4
[WebServer] WARNING:waitress.queue:Task queue depth is 1

[WebServer] WARNING:waitress.queue:Task queue depth is 1

[WebServer] WARNING:waitress.queue:Task queue depth is 2

[WebServer] WARNING:waitress.queue:Task queue depth is 1

[WebServer] WARNING:waitress.queue:Task queue depth is 1

[114/225] [real-api] › tests\explore-real-api.spec.ts:157:3 › S4 Open in Lab carries legal configuration/tab/source_scene and explicit return survives reload

[WebServer] WARNING:waitress.queue:Task queue depth is 2

[WebServer] WARNING:waitress.queue:Task queue depth is 2

[WebServer] WARNING:waitress.queue:Task queue depth is 3

[WebServer] WARNING:waitress.queue:Task queue depth is 4

[WebServer] WARNING:waitress.queue:Task queue depth is 5
[WebServer] WARNING:waitress.queue:Task queue depth is 3


[WebServer] WARNING:waitress.queue:Task queue depth is 1

[WebServer] WARNING:waitress.queue:Task queue depth is 2
[WebServer] WARNING:waitress.queue:Task queue depth is 3
[WebServer] WARNING:waitress.queue:Task queue depth is 4

[WebServer] WARNING:waitress.queue:Task queue depth is 4


[WebServer] WARNING:waitress.queue:Task queue depth is 4

[WebServer] WARNING:waitress.queue:Task queue depth is 1

[WebServer] WARNING:waitress.queue:Task queue depth is 2
[WebServer] WARNING:waitress.queue:Task queue depth is 3


[WebServer] WARNING:waitress.queue:Task queue depth is 4

[WebServer] WARNING:waitress.queue:Task queue depth is 3

[WebServer] WARNING:waitress.queue:Task queue depth is 2
[WebServer] WARNING:waitress.queue:Task queue depth is 2


[WebServer] WARNING:waitress.queue:Task queue depth is 1

[WebServer] WARNING:waitress.queue:Task queue depth is 1
[115/225] [real-api] › tests\explore-real-api.spec.ts:157:3 › S5 Open in Lab carries legal configuration/tab/source_scene and explicit return survives reload

[WebServer] WARNING:waitress.queue:Task queue depth is 1

[WebServer] WARNING:waitress.queue:Task queue depth is 1

[WebServer] WARNING:waitress.queue:Task queue depth is 1
[WebServer] WARNING:waitress.queue:Task queue depth is 2


[WebServer] WARNING:waitress.queue:Task queue depth is 2
[WebServer] WARNING:waitress.queue:Task queue depth is 3

[WebServer] WARNING:waitress.queue:Task queue depth is 1

[116/225] [real-api] › tests\evidence-real-api.spec.ts:276:1 › unknown evidence ID has explicit missing state and no fabricated metadata
[117/225] [real-api] › tests\explore-real-api.spec.ts:157:3 › S6 Open in Lab carries legal configuration/tab/source_scene and explicit return survives reload
[118/225] [real-api] › tests\localization.unit.spec.ts:4:1 › presentation preserves scientific identities, formulas, precision and recorded zero
[119/225] [real-api] › tests\localization.unit.spec.ts:16:1 › chart localization copies labels without rewriting or mutating scientific data
[120/225] [real-api] › tests\localization.unit.spec.ts:29:1 › seven scenes retain strict-1D zero-output and modal/comparison boundaries
[121/225] [real-api] › tests\mechanism-real-api.spec.ts:13:1 › Lab route opens/reloads CONTENT03 real API with every registered node and edge

[WebServer] WARNING:waitress.queue:Task queue depth is 1
[WebServer] WARNING:waitress.queue:Task queue depth is 2


[WebServer] WARNING:waitress.queue:Task queue depth is 2
[WebServer] WARNING:waitress.queue:Task queue depth is 3

[WebServer] WARNING:waitress.queue:Task queue depth is 4


[WebServer] WARNING:waitress.queue:Task queue depth is 4

[WebServer] WARNING:waitress.queue:Task queue depth is 4

[WebServer] WARNING:waitress.queue:Task queue depth is 4
[WebServer] WARNING:waitress.queue:Task queue depth is 4

[WebServer] WARNING:waitress.queue:Task queue depth is 4

[WebServer] WARNING:waitress.queue:Task queue depth is 4

[WebServer] WARNING:waitress.queue:Task queue depth is 1

[122/225] [real-api] › tests\mechanism-real-api.spec.ts:45:5 › STRICT_1D / q_at OFF: receiving content and output remain separate from trigger

[WebServer] WARNING:waitress.queue:Task queue depth is 1
[123/225] [real-api] › tests\mechanism-real-api.spec.ts:45:5 › STRICT_1D / q_at ENABLED: receiving content and output remain separate from trigger
[124/225] [real-api] › tests\mechanism-real-api.spec.ts:45:5 › WEAKLY_2D / q_at OFF: receiving content and output remain separate from trigger
[WebServer] WARNING:waitress.queue:Task queue depth is 1


[WebServer] WARNING:waitress.queue:Task queue depth is 2
[125/225] [real-api] › tests\mechanism-real-api.spec.ts:45:5 › WEAKLY_2D / q_at ENABLED: receiving content and output remain separate from trigger
[WebServer] WARNING:waitress.queue:Task queue depth is 1

[WebServer] WARNING:waitress.queue:Task queue depth is 2


[WebServer] WARNING:waitress.queue:Task queue depth is 3
[WebServer] WARNING:waitress.queue:Task queue depth is 4


[WebServer] WARNING:waitress.queue:Task queue depth is 5

[WebServer] WARNING:waitress.queue:Task queue depth is 1
[WebServer] WARNING:waitress.queue:Task queue depth is 2

[WebServer] WARNING:waitress.queue:Task queue depth is 3

[126/225] [real-api] › tests\explore-real-api.spec.ts:157:3 › S7 Open in Lab carries legal configuration/tab/source_scene and explicit return survives reload
[WebServer] WARNING:waitress.queue:Task queue depth is 3

[WebServer] WARNING:waitress.queue:Task queue depth is 4

[WebServer] WARNING:waitress.queue:Task queue depth is 5

[WebServer] WARNING:waitress.queue:Task queue depth is 1


[WebServer] WARNING:waitress.queue:Task queue depth is 1
[127/225] [real-api] › tests\mechanism-real-api.spec.ts:65:1 › trigger/output have distinct visual and semantic roles; keyboard and delta_t wording

[WebServer] WARNING:waitress.queue:Task queue depth is 1

[WebServer] WARNING:waitress.queue:Task queue depth is 2
[WebServer] WARNING:waitress.queue:Task queue depth is 3

[WebServer] WARNING:waitress.queue:Task queue depth is 4

[WebServer] WARNING:waitress.queue:Task queue depth is 1

[128/225] [real-api] › tests\explore-real-api.spec.ts:171:3 › invalid scene "0" has error and no scientific content
[129/225] [real-api] › tests\mechanism-real-api.spec.ts:83:1 › Near1D theory only; no sliders, numeric points or numerical chart
[130/225] [real-api] › tests\explore-real-api.spec.ts:171:3 › invalid scene "8" has error and no scientific content
[131/225] [real-api] › tests\mechanism-real-api.spec.ts:95:1 › node evidence quick/detail uses EVI02 and restores full mechanism state
[132/225] [real-api] › tests\explore-real-api.spec.ts:171:3 › invalid scene "-1" has error and no scientific content
[WebServer] WARNING:waitress.queue:Task queue depth is 1

[133/225] [real-api] › tests\explore-real-api.spec.ts:171:3 › invalid scene "abc" has error and no scientific content
[WebServer] WARNING:waitress.queue:Task queue depth is 2

[134/225] [real-api] › tests\explore-real-api.spec.ts:171:3 › invalid scene "1.5" has error and no scientific content
[WebServer] WARNING:waitress.queue:Task queue depth is 3

[135/225] [real-api] › tests\explore-real-api.spec.ts:171:3 › invalid scene "" has error and no scientific content
[WebServer] WARNING:waitress.queue:Task queue depth is 2

[136/225] [real-api] › tests\explore-real-api.spec.ts:186:3 › S1 scientific API failure is explicit with no mock fallback
[137/225] [real-api] › tests\explore-real-api.spec.ts:186:3 › S2 scientific API failure is explicit with no mock fallback
[138/225] [real-api] › tests\explore-real-api.spec.ts:186:3 › S4 scientific API failure is explicit with no mock fallback
[139/225] [real-api] › tests\mechanism-real-api.spec.ts:116:3 › Explore S2 shares MechanismView, returns to source_scene and browser Back works
[140/225] [real-api] › tests\explore-real-api.spec.ts:186:3 › S5 scientific API failure is explicit with no mock fallback
[141/225] [real-api] › tests\explore-real-api.spec.ts:186:3 › S6 scientific API failure is explicit with no mock fallback
[142/225] [real-api] › tests\mechanism-real-api.spec.ts:116:3 › Explore S3 shares MechanismView, returns to source_scene and browser Back works
[143/225] [real-api] › tests\explore-real-api.spec.ts:186:3 › S7 scientific API failure is explicit with no mock fallback
[144/225] [real-api] › tests\explore-real-api.spec.ts:195:1 › CONTENT01 outage prevents science; production bundle excludes synthetic providers
[145/225] [real-api] › tests\mechanism-real-api.spec.ts:139:1 › browser Back restores discrete state and node selection
[146/225] [real-api] › tests\explore-real-api.spec.ts:206:1 › Lab edits preserve the original Explore return context
[147/225] [real-api] › tests\mechanism-real-api.spec.ts:153:3 › CONTENT03 network failure shows error, no mock fallback; retry recovers
[148/225] [real-api] › tests\mechanism-real-api.spec.ts:153:3 › CONTENT03 http failure shows error, no mock fallback; retry recovers
[149/225] [real-api] › tests\mechanism-real-api.spec.ts:153:3 › CONTENT03 envelope failure shows error, no mock fallback; retry recovers
[150/225] [real-api] › tests\mechanism-real-api.spec.ts:153:3 › CONTENT03 origin failure shows error, no mock fallback; retry recovers
[WebServer] WARNING:waitress.queue:Task queue depth is 1


[WebServer] WARNING:waitress.queue:Task queue depth is 2
[WebServer] WARNING:waitress.queue:Task queue depth is 3

[WebServer] WARNING:waitress.queue:Task queue depth is 2

[WebServer] WARNING:waitress.queue:Task queue depth is 3

[WebServer] WARNING:waitress.queue:Task queue depth is 4

[WebServer] WARNING:waitress.queue:Task queue depth is 3

[151/225] [real-api] › tests\explore-real-api.spec.ts:217:1 › rapid Scene changes and selected S7 evidence cannot display stale data
[WebServer] WARNING:waitress.queue:Task queue depth is 4

[WebServer] WARNING:waitress.queue:Task queue depth is 5

[WebServer] WARNING:waitress.queue:Task queue depth is 2

[152/225] [real-api] › tests\mechanism-real-api.spec.ts:176:1 › evidence outage leaves schematic visible and shows no fabricated record
[WebServer] WARNING:waitress.queue:Task queue depth is 2


[WebServer] WARNING:waitress.queue:Task queue depth is 2
[153/225] [real-api] › tests\mechanism-real-api.spec.ts:185:1 › Explore metadata outage and invalid scene cannot fabricate S2/S3
[154/225] [real-api] › tests\phase10-final-integration.spec.ts:5:1 › Entry → Home → seven real Scenes → Evidence Detail → Scene → Lab → original Scene

[WebServer] WARNING:waitress.queue:Task queue depth is 1

[WebServer] WARNING:waitress.queue:Task queue depth is 1
[WebServer] WARNING:waitress.queue:Task queue depth is 1

[WebServer] WARNING:waitress.queue:Task queue depth is 2

[155/225] [real-api] › tests\phase11-final-integration.spec.ts:25:1 › W3 Case8 D_u Allocation traces source/hash/processing and restores result
[WebServer] WARNING:waitress.queue:Task queue depth is 1

[WebServer] WARNING:waitress.queue:Task queue depth is 2

[WebServer] WARNING:waitress.queue:Task queue depth is 3

[WebServer] WARNING:waitress.queue:Task queue depth is 4


[WebServer] WARNING:waitress.queue:Task queue depth is 3
[WebServer] WARNING:waitress.queue:Task queue depth is 3

[WebServer] WARNING:waitress.queue:Task queue depth is 3

[WebServer] WARNING:waitress.queue:Task queue depth is 1


[WebServer] WARNING:waitress.queue:Task queue depth is 1
[WebServer] WARNING:waitress.queue:Task queue depth is 1

[WebServer] WARNING:waitress.queue:Task queue depth is 2

[WebServer] WARNING:waitress.queue:Task queue depth is 3


[WebServer] WARNING:waitress.queue:Task queue depth is 4

[WebServer] WARNING:waitress.queue:Task queue depth is 4

[WebServer] WARNING:waitress.queue:Task queue depth is 4

[WebServer] WARNING:waitress.queue:Task queue depth is 4

[WebServer] WARNING:waitress.queue:Task queue depth is 4
[WebServer] WARNING:waitress.queue:Task queue depth is 4


[WebServer] WARNING:waitress.queue:Task queue depth is 3
[156/225] [real-api] › tests\phase11-final-integration.spec.ts:38:1 › W3 Gate Acoustic traces matched configuration, native map, mask and summary

[WebServer] WARNING:waitress.queue:Task queue depth is 1
[WebServer] WARNING:waitress.queue:Task queue depth is 2
[WebServer] WARNING:waitress.queue:Task queue depth is 3


[WebServer] WARNING:waitress.queue:Task queue depth is 3
[WebServer] WARNING:waitress.queue:Task queue depth is 3


[WebServer] WARNING:waitress.queue:Task queue depth is 3

[WebServer] WARNING:waitress.queue:Task queue depth is 1
[WebServer] WARNING:waitress.queue:Task queue depth is 1

[WebServer] WARNING:waitress.queue:Task queue depth is 1


[WebServer] WARNING:waitress.queue:Task queue depth is 1
[WebServer] WARNING:waitress.queue:Task queue depth is 1
[WebServer] WARNING:waitress.queue:Task queue depth is 2



[WebServer] WARNING:waitress.queue:Task queue depth is 3

[WebServer] WARNING:waitress.queue:Task queue depth is 3

[WebServer] WARNING:waitress.queue:Task queue depth is 3
[WebServer] WARNING:waitress.queue:Task queue depth is 2


[WebServer] WARNING:waitress.queue:Task queue depth is 2
[WebServer] WARNING:waitress.queue:Task queue depth is 1

[157/225] [real-api] › tests\phase11-final-integration.spec.ts:52:1 › W3 q_at=.396 mode8 traces eigenmode and Spectrum provenance without changing selectors
[158/225] [real-api] › tests\phase12-final-integration.spec.ts:3:1 › V1 Lab catalog opens all six delivered experiments from production API
[WebServer] WARNING:waitress.queue:Task queue depth is 1

[WebServer] WARNING:waitress.queue:Task queue depth is 1


[WebServer] WARNING:waitress.queue:Task queue depth is 2
[159/225] [real-api] › tests\phase11-final-integration.spec.ts:69:1 › W3 Modal Validation history resolves the actual selected eigenpair via SPEC05 and EVI03

[WebServer] WARNING:waitress.queue:Task queue depth is 1
[WebServer] WARNING:waitress.queue:Task queue depth is 1

[160/225] [real-api] › tests\phase11-final-integration.spec.ts:93:1 › W3 Cylinder D_u sectors trace J2C-v2 sources and limitation

[WebServer] WARNING:waitress.queue:Task queue depth is 1
[WebServer] WARNING:waitress.queue:Task queue depth is 2

[WebServer] WARNING:waitress.queue:Task queue depth is 3


[WebServer] WARNING:waitress.queue:Task queue depth is 2

[WebServer] WARNING:waitress.queue:Task queue depth is 3
[WebServer] WARNING:waitress.queue:Task queue depth is 2


[WebServer] WARNING:waitress.queue:Task queue depth is 3

[WebServer] WARNING:waitress.queue:Task queue depth is 1
[WebServer] WARNING:waitress.queue:Task queue depth is 2

[WebServer] WARNING:waitress.queue:Task queue depth is 2

[WebServer] WARNING:waitress.queue:Task queue depth is 2


[WebServer] WARNING:waitress.queue:Task queue depth is 2
[WebServer] WARNING:waitress.queue:Task queue depth is 1

[WebServer] WARNING:waitress.queue:Task queue depth is 1

[WebServer] WARNING:waitress.queue:Task queue depth is 2

[WebServer] WARNING:waitress.queue:Task queue depth is 1


[WebServer] WARNING:waitress.queue:Task queue depth is 2

[WebServer] WARNING:waitress.queue:Task queue depth is 2
[WebServer] WARNING:waitress.queue:Task queue depth is 2


[WebServer] WARNING:waitress.queue:Task queue depth is 1
[WebServer] WARNING:waitress.queue:Task queue depth is 2


[WebServer] WARNING:waitress.queue:Task queue depth is 3
[WebServer] WARNING:waitress.queue:Task queue depth is 4


[WebServer] WARNING:waitress.queue:Task queue depth is 4
[WebServer] WARNING:waitress.queue:Task queue depth is 4

[WebServer] WARNING:waitress.queue:Task queue depth is 3

[161/225] [real-api] › tests\phase11-final-integration.spec.ts:105:1 › W3 Cross-flow D_u/D_u preserves independent evidence and descriptive policies
[WebServer] WARNING:waitress.queue:Task queue depth is 1

[WebServer] WARNING:waitress.queue:Task queue depth is 1

[WebServer] WARNING:waitress.queue:Task queue depth is 2

[WebServer] WARNING:waitress.queue:Task queue depth is 2


[WebServer] WARNING:waitress.queue:Task queue depth is 2
[WebServer] WARNING:waitress.queue:Task queue depth is 3

[WebServer] WARNING:waitress.queue:Task queue depth is 4

[WebServer] WARNING:waitress.queue:Task queue depth is 5


[WebServer] WARNING:waitress.queue:Task queue depth is 3

[WebServer] WARNING:waitress.queue:Task queue depth is 3
[WebServer] WARNING:waitress.queue:Task queue depth is 3


[WebServer] WARNING:waitress.queue:Task queue depth is 2
[WebServer] WARNING:waitress.queue:Task queue depth is 2

[WebServer] WARNING:waitress.queue:Task queue depth is 1


[WebServer] WARNING:waitress.queue:Task queue depth is 1

[WebServer] WARNING:waitress.queue:Task queue depth is 1

[WebServer] WARNING:waitress.queue:Task queue depth is 2

[WebServer] WARNING:waitress.queue:Task queue depth is 1

[WebServer] WARNING:waitress.queue:Task queue depth is 1

[WebServer] WARNING:waitress.queue:Task queue depth is 2
[WebServer] WARNING:waitress.queue:Task queue depth is 3

[WebServer] WARNING:waitress.queue:Task queue depth is 3

[WebServer] WARNING:waitress.queue:Task queue depth is 3

[WebServer] WARNING:waitress.queue:Task queue depth is 3

[WebServer] WARNING:waitress.queue:Task queue depth is 3


[WebServer] WARNING:waitress.queue:Task queue depth is 3
[WebServer] WARNING:waitress.queue:Task queue depth is 1

[WebServer] WARNING:waitress.queue:Task queue depth is 1

[WebServer] WARNING:waitress.queue:Task queue depth is 2


[WebServer] WARNING:waitress.queue:Task queue depth is 3
[WebServer] WARNING:waitress.queue:Task queue depth is 4

[WebServer] WARNING:waitress.queue:Task queue depth is 3

[WebServer] WARNING:waitress.queue:Task queue depth is 2

[WebServer] WARNING:waitress.queue:Task queue depth is 3

[WebServer] WARNING:waitress.queue:Task queue depth is 4

[162/225] [real-api] › tests\phase11-final-integration.spec.ts:120:1 › W3 Closure D_u CFL=.05 stage and step records retain freeze binding
[WebServer] WARNING:waitress.queue:Task queue depth is 3


[WebServer] WARNING:waitress.queue:Task queue depth is 3
[WebServer] WARNING:waitress.queue:Task queue depth is 4

[WebServer] WARNING:waitress.queue:Task queue depth is 3


[WebServer] WARNING:waitress.queue:Task queue depth is 1
[WebServer] WARNING:waitress.queue:Task queue depth is 2

[WebServer] WARNING:waitress.queue:Task queue depth is 3
[WebServer] WARNING:waitress.queue:Task queue depth is 1

[WebServer] WARNING:waitress.queue:Task queue depth is 2


[WebServer] WARNING:waitress.queue:Task queue depth is 3
[WebServer] WARNING:waitress.queue:Task queue depth is 4

[WebServer] WARNING:waitress.queue:Task queue depth is 3

[WebServer] WARNING:waitress.queue:Task queue depth is 3

[WebServer] WARNING:waitress.queue:Task queue depth is 1


[WebServer] WARNING:waitress.queue:Task queue depth is 1

[WebServer] WARNING:waitress.queue:Task queue depth is 2
  12) [real-api] › tests\phase12-final-integration.spec.ts:3:1 › V1 Lab catalog opens all six delivered experiments from production API 

    Test timeout of 30000ms exceeded.

    Error: expect(locator).toHaveText(expected) failed

    Locator: getByTestId('lab-delivery-cylinder')
    Expected: "已交付"
    Error: element(s) not found

    Call log:
      - Expect "toHaveText" getByTestId('lab-delivery-cylinder') with timeout 10000ms
      - waiting for getByTestId('lab-delivery-cylinder')
      - Test timeout of 30000ms exceeded.


       8 |     await page.goto('/home')
       9 |     await page.getByRole('navigation', { name: "系统导航" }).getByRole('link', { name: "数字实验室", exact: true }).click()
    > 10 |     await expect(page.getByTestId(`lab-delivery-${id}`)).toHaveText("已交付")
         |                                                          ^
      11 |     await page.getByTestId(`open-${id}`).click()
      12 |     await expect(page.getByTestId(ready).first()).toBeVisible()
      13 |     await expect(page.getByTestId('provider-kind')).toHaveText("真实数据 API")
        at D:\code_project\CFD_visiblesystem\frontend\tests\phase12-final-integration.spec.ts:10:58

    Error Context: test-results\phase12-final-integration--b490b-riments-from-production-API-real-api\error-context.md


(node:39036) Warning: The 'NO_COLOR' env is ignored due to the 'FORCE_COLOR' env being set.
(Use `node --trace-warnings ...` to show where the warning was created)


[163/225] [real-api] › tests\phase12-final-integration.spec.ts:20:1 › V1 config-disabled Allocation keeps URL, explanation, Back/Forward and no invented field

[WebServer] WARNING:waitress.queue:Task queue depth is 1
  13) [real-api] › tests\phase11-final-integration.spec.ts:120:1 › W3 Closure D_u CFL=.05 stage and step records retain freeze binding 

    Error: expect(locator).toHaveAttribute(expected) failed

    Locator: getByTestId('closure-history')
    Expected: "PER_STEP"
    Timeout: 10000ms
    Error: element(s) not found

    Call log:
      - Expect "toHaveAttribute" getByTestId('closure-history') with timeout 10000ms
      - waiting for getByTestId('closure-history')


      122 |   for (const [tab, granularity, group] of [['semi-discrete', 'PER_STAGE', 'stage'], ['fully-discrete', 'PER_STEP', 'step']] as const) {
      123 |     await page.getByTestId(`tab-${tab}`).click()
    > 124 |     await expect(page.getByTestId('closure-history')).toHaveAttribute('data-granularity', granularity)
          |                                                       ^
      125 |     await full(page, page.getByTestId('closure-history').locator(`a[href*="ev.entropy-closure.D_u-cfl-0.05.${group}"]`).first())
      126 |     await expect(page.getByTestId('evidence-config')).toHaveText('D_u-cfl-0.05')
      127 |     await expect(page.getByTestId('evidence-result-context').first()).toContainText(zh(granularity))
        at D:\code_project\CFD_visiblesystem\frontend\tests\phase11-final-integration.spec.ts:124:55

    Error Context: test-results\phase11-final-integration--2f02d-cords-retain-freeze-binding-real-api\error-context.md




(node:49168) Warning: The 'NO_COLOR' env is ignored due to the 'FORCE_COLOR' env being set.
(Use `node --trace-warnings ...` to show where the warning was created)
[164/225] [real-api] › tests\phase11-final-integration.spec.ts:134:1 › W3 Mechanism SCHEMATIC theory/implementation stays nonnumerical
  14) [real-api] › tests\phase12-final-integration.spec.ts:20:1 › V1 config-disabled Allocation keeps URL, explanation, Back/Forward and no invented field 

    Error: expect(locator).toBeVisible() failed

    Locator: getByTestId('spectral-curve-canvas')
    Expected: visible
    Timeout: 10000ms
    Error: element(s) not found

    Call log:
      - Expect "toBeVisible" getByTestId('spectral-curve-canvas') with timeout 10000ms
      - waiting for getByTestId('spectral-curve-canvas')


      23 |   await expect(page.getByRole('tablist', { name: "Case 8 分页" }).getByRole('tab', { name: '频谱' })).toHaveCount(0)
      24 |   await page.getByTestId('tab-spectral').click()
    > 25 |   await expect(page.getByTestId('spectral-curve-canvas')).toBeVisible()
         |                                                           ^
      26 |   await expect(page.getByTestId('spectral-note')).toContainText("数据独立于 Case 8")
      27 |   await page.goto('/lab/experiments/case8?config=D_u&tab=allocation')
      28 |   await expect(page.getByTestId('face-allocation-canvas')).toHaveCount(2)
        at D:\code_project\CFD_visiblesystem\frontend\tests\phase12-final-integration.spec.ts:25:59

    Error Context: test-results\phase12-final-integration--e7114-rward-and-no-invented-field-real-api\error-context.md


(node:47396) Warning: The 'NO_COLOR' env is ignored due to the 'FORCE_COLOR' env being set.

(Use `node --trace-warnings ...` to show where the warning was created)

[165/225] [real-api] › tests\phase12-final-integration.spec.ts:43:3 › V1 gate hides absent capabilities and preserves unsupported deep link
[WebServer] WARNING:waitress.queue:Task queue depth is 1

[166/225] [real-api] › tests\phase11-final-integration.spec.ts:142:1 › W3 three required GAPS have no values, fake plots or reconstruct actions
[167/225] [real-api] › tests\phase11-final-integration.spec.ts:154:1 › W3 Home→Lab reaches each implemented module and Evidence navigation
[168/225] [real-api] › tests\phase12-final-integration.spec.ts:43:3 › V1 spectrum hides absent capabilities and preserves unsupported deep link
[169/225] [real-api] › tests\phase12-final-integration.spec.ts:43:3 › V1 modal-validation hides absent capabilities and preserves unsupported deep link
[170/225] [real-api] › tests\phase12-final-integration.spec.ts:62:1 › V1 metadata API failure preserves location and explicit error without scientific fallback
[171/225] [real-api] › tests\phase12-final-integration.spec.ts:73:3 › V1 case8 unknown view remains an explicit unsupported location
[172/225] [real-api] › tests\phase12-final-integration.spec.ts:73:3 › V1 cylinder unknown view remains an explicit unsupported location
[173/225] [real-api] › tests\phase12-final-integration.spec.ts:73:3 › V1 entropy-closure unknown view remains an explicit unsupported location
[WebServer] WARNING:waitress.queue:Task queue depth is 1

[174/225] [real-api] › tests\phase8-final-integration.spec.ts:6:1 › Phase8D real Cylinder D_u journey, D_u versus D_u and actual cumulative2D absence
[WebServer] WARNING:waitress.queue:Task queue depth is 1

[WebServer] WARNING:waitress.queue:Task queue depth is 2


[WebServer] WARNING:waitress.queue:Task queue depth is 3
[WebServer] WARNING:waitress.queue:Task queue depth is 4

[WebServer] WARNING:waitress.queue:Task queue depth is 4

[WebServer] WARNING:waitress.queue:Task queue depth is 4

[WebServer] WARNING:waitress.queue:Task queue depth is 4


[WebServer] WARNING:waitress.queue:Task queue depth is 4
  15) [real-api] › tests\phase8-final-integration.spec.ts:6:1 › Phase8D real Cylinder D_u journey, D_u versus D_u and actual cumulative2D absence 

    Error: expect(locator).toHaveCount(expected) failed

    Locator:  locator('[data-point-count="9757"]')
    Expected: 4
    Received: 0
    Timeout:  10000ms

    Call log:
      - Expect "toHaveCount" locator('[data-point-count="9757"]') with timeout 10000ms
      - waiting for locator('[data-point-count="9757"]')
        23 × locator resolved to 0 elements
           - unexpected value "0"


      24 |   await shot('01-cylinder-du-flow')
      25 |   await page.getByTestId('tab-entropy').click()
    > 26 |   await expect(page.locator('[data-point-count="9757"]')).toHaveCount(4)
         |                                                           ^
      27 |   await shot('02-cylinder-du-entropy')
      28 |   await page.getByTestId('tab-sectors').click()
      29 |   await expect(page.getByTestId('sector-table').locator('tbody tr')).toHaveCount(16)
        at D:\code_project\CFD_visiblesystem\frontend\tests\phase8-final-integration.spec.ts:26:59

    Error Context: test-results\phase8-final-integration-P-f9fbc-actual-cumulative2D-absence-real-api\error-context.md


(node:43348) Warning: The 'NO_COLOR' env is ignored due to the 'FORCE_COLOR' env being set.
(Use `node --trace-warnings ...` to show where the warning was created)


[175/225] [real-api] › tests\routes.spec.ts:12:3 › opens and reloads /
[176/225] [real-api] › tests\routes.spec.ts:12:3 › opens and reloads /home
[177/225] [real-api] › tests\routes.spec.ts:12:3 › opens and reloads /lab
[178/225] [real-api] › tests\routes.spec.ts:12:3 › opens and reloads /lab/experiments/case8

[WebServer] WARNING:waitress.queue:Task queue depth is 1
[WebServer] WARNING:waitress.queue:Task queue depth is 2

[179/225] [real-api] › tests\routes.spec.ts:12:3 › opens and reloads /evidence/ev.case8.D_u.snapshot.6.density
[WebServer] WARNING:waitress.queue:Task queue depth is 3

[180/225] [real-api] › tests\spectral-real-api.spec.ts:14:1 › real spectral outage is surfaced honestly with no fabricated curve
[WebServer] WARNING:waitress.queue:Task queue depth is 1


[WebServer] WARNING:waitress.queue:Task queue depth is 2

[WebServer] WARNING:waitress.queue:Task queue depth is 3

[WebServer] WARNING:waitress.queue:Task queue depth is 4
[WebServer] WARNING:waitress.queue:Task queue depth is 4


[WebServer] WARNING:waitress.queue:Task queue depth is 3
[181/225] [real-api] › tests\spectral-real-api.spec.ts:34:1 › real Spectral Lab reads recorded frozen facts

[WebServer] WARNING:waitress.queue:Task queue depth is 4
[WebServer] WARNING:waitress.queue:Task queue depth is 1

[WebServer] WARNING:waitress.queue:Task queue depth is 1


[WebServer] WARNING:waitress.queue:Task queue depth is 2
[WebServer] WARNING:waitress.queue:Task queue depth is 3

[WebServer] WARNING:waitress.queue:Task queue depth is 4

[WebServer] WARNING:waitress.queue:Task queue depth is 5

[WebServer] WARNING:waitress.queue:Task queue depth is 6


[WebServer] WARNING:waitress.queue:Task queue depth is 7

[WebServer] WARNING:waitress.queue:Task queue depth is 8

[WebServer] WARNING:waitress.queue:Task queue depth is 6
[WebServer] WARNING:waitress.queue:Task queue depth is 7

[WebServer] WARNING:waitress.queue:Task queue depth is 1

[182/225] [real-api] › tests\spectral-real-api.spec.ts:59:1 › all four real configurations expose every recorded mode and restore evidence context
[WebServer] WARNING:waitress.queue:Task queue depth is 1

[WebServer] WARNING:waitress.queue:Task queue depth is 2


[WebServer] WARNING:waitress.queue:Task queue depth is 3
[WebServer] WARNING:waitress.queue:Task queue depth is 4

[WebServer] WARNING:waitress.queue:Task queue depth is 5


[WebServer] WARNING:waitress.queue:Task queue depth is 3

[WebServer] WARNING:waitress.queue:Task queue depth is 4
[WebServer] WARNING:waitress.queue:Task queue depth is 3


[WebServer] WARNING:waitress.queue:Task queue depth is 4
[WebServer] WARNING:waitress.queue:Task queue depth is 5

[WebServer] WARNING:waitress.queue:Task queue depth is 6


[WebServer] WARNING:waitress.queue:Task queue depth is 7

[WebServer] WARNING:waitress.queue:Task queue depth is 7
[WebServer] WARNING:waitress.queue:Task queue depth is 8

[WebServer] WARNING:waitress.queue:Task queue depth is 7

[WebServer] WARNING:waitress.queue:Task queue depth is 4


[WebServer] WARNING:waitress.queue:Task queue depth is 3
[WebServer] WARNING:waitress.queue:Task queue depth is 1

[WebServer] WARNING:waitress.queue:Task queue depth is 1


[WebServer] WARNING:waitress.queue:Task queue depth is 2
[WebServer] WARNING:waitress.queue:Task queue depth is 3


[WebServer] WARNING:waitress.queue:Task queue depth is 3
[WebServer] WARNING:waitress.queue:Task queue depth is 4

[WebServer] WARNING:waitress.queue:Task queue depth is 3


[WebServer] WARNING:waitress.queue:Task queue depth is 1
[WebServer] WARNING:waitress.queue:Task queue depth is 2

[183/225] [real-api] › tests\v2-p1-experiments.spec.ts:14:1 › template and form share hash, paper changes preserve lineage, confirmation invalidates

[WebServer] WARNING:waitress.queue:Task queue depth is 1

[WebServer] WARNING:waitress.queue:Task queue depth is 2
[184/225] [real-api] › tests\v2-p1-experiments.spec.ts:44:1 › fast candidate and unavailable AI stay explicit; reload and navigation work
[185/225] [real-api] › tests\v2-p1-experiments.spec.ts:62:1 › natural language UI uses real validation summary and requires clarification
[186/225] [real-api] › tests\v2-p1-experiments.spec.ts:99:1 › backend capability errors are shown and retry can validate
[187/225] [real-api] › tests\v2-p1-experiments.spec.ts:112:1 › mobile builder has no horizontal overflow and can confirm configuration

(node:16264) Warning: The 'NO_COLOR' env is ignored due to the 'FORCE_COLOR' env being set.
(Use `node --trace-warnings ...` to show where the warning was created)

[188/225] [window3-mock-development] › ..\tests\window3_frontend\case8_slice.spec.ts:18:7 › Entry -> Home -> Lab -> Case8 chain › Entry shows identity and enters the system
[189/225] [window3-mock-development] › ..\tests\window3_frontend\case8_slice.spec.ts:26:7 › Entry -> Home -> Lab -> Case8 chain › Home shows the scientific question, implemented Explore, and Lab entry
[190/225] [window3-mock-development] › ..\tests\window3_frontend\case8_slice.spec.ts:40:7 › Entry -> Home -> Lab -> Case8 chain › Lab marks only Case8 IMPLEMENTED and others PLANNED (never MISSING data)
[191/225] [window3-mock-development] › ..\tests\window3_frontend\case8_slice.spec.ts:57:7 › Case8 config switching › A/B/C/D are selectable and update the overview
[192/225] [window3-mock-development] › ..\tests\window3_frontend\case8_slice.spec.ts:67:7 › Case8 config switching › Allocation is family-present but disabled for A/B/C and explained
[193/225] [window3-mock-development] › ..\tests\window3_frontend\case8_slice.spec.ts:77:7 › Flow snapshots › snapshots 1..6 render with "Snapshot n / 6" and actual step/time
[194/225] [window3-mock-development] › ..\tests\window3_frontend\case8_slice.spec.ts:93:7 › Flow snapshots › snapshot 0 is not offered as a recorded index
[195/225] [window3-mock-development] › ..\tests\window3_frontend\case8_slice.spec.ts:102:7 › Flow snapshots › field switch re-renders density / pressure / front
[196/225] [window3-mock-development] › ..\tests\window3_frontend\case8_slice.spec.ts:112:7 › Entropy + dual time › entropy chart renders and selecting a step shows both times
[197/225] [window3-mock-development] › ..\tests\window3_frontend\case8_slice.spec.ts:127:7 › Entropy + dual time › selecting a scalar step also works via a chart click
[198/225] [window3-mock-development] › ..\tests\window3_frontend\case8_slice.spec.ts:143:7 › Metrics › each metric shows value with definition, unit, detector and evidence link
[199/225] [window3-mock-development] › ..\tests\window3_frontend\case8_slice.spec.ts:158:7 › Evidence navigation and return context › mock Evidence tab -> Quick -> P09 missing state -> back restores experiment/config/tab
[200/225] [window3-mock-development] › ..\tests\window3_frontend\case8_slice.spec.ts:173:7 › Evidence navigation and return context › direct evidence deep link has no fake back target
[201/225] [window3-mock-development] › ..\tests\window3_frontend\case8_slice.spec.ts:182:7 › Refresh / deep-link recovery › refresh keeps config, tab and snapshot
[202/225] [window3-mock-development] › ..\tests\window3_frontend\case8_slice.spec.ts:191:7 › Refresh / deep-link recovery › unknown experiment shows a system fallback
[203/225] [window3-mock-development] › ..\tests\window3_frontend\case8_slice.spec.ts:198:7 › MOCK labelling › mock badge is visibly present on data pages
(node:29836) Warning: The 'NO_COLOR' env is ignored due to the 'FORCE_COLOR' env being set.
(Use `node --trace-warnings ...` to show where the warning was created)


[204/225] [window4-allocation-ui] › ..\tests\window4_allocation\allocation_ui.spec.ts:24:7 › Allocation tab — Case8 D_u FACE_FIELD › shows representation_type FACE_FIELD with face measure and two orientations
[205/225] [window4-allocation-ui] › ..\tests\window4_allocation\allocation_ui.spec.ts:42:7 › Allocation tab — Case8 D_u FACE_FIELD › shows the per-orientation mask identity and both mask counts
[206/225] [window4-allocation-ui] › ..\tests\window4_allocation\allocation_ui.spec.ts:49:7 › Allocation tab — Case8 D_u FACE_FIELD › shows definition, verification and evidence blocks
[207/225] [window4-allocation-ui] › ..\tests\window4_allocation\allocation_ui.spec.ts:56:7 › Allocation tab — Case8 D_u FACE_FIELD › summary shows budget and inside fraction
[208/225] [window4-allocation-ui] › ..\tests\window4_allocation\allocation_ui.spec.ts:65:7 › Allocation tab — Gate CELL_FIELD › switching family shows CELL_FIELD with cell measure and one field
[209/225] [window4-allocation-ui] › ..\tests\window4_allocation\allocation_ui.spec.ts:82:7 › Allocation tab — Gate CELL_FIELD › all three Gate configs render a cell map with matched-budget summaries
[210/225] [window4-allocation-ui] › ..\tests\window4_allocation\allocation_ui.spec.ts:100:7 › Allocation tab — Gate CELL_FIELD › cell mask identity is distinct from the Case8 face mask
[211/225] [window4-allocation-ui] › ..\tests\window4_allocation\allocation_ui.spec.ts:115:7 › The two representations are never the same object › FACE and CELL differ in representation, measure, mask and raster
[212/225] [window4-allocation-ui] › ..\tests\window4_allocation\allocation_ui.spec.ts:152:7 › Allocation capability gating › allocation tab stays disabled for A/B/C and enabled for D_u
[213/225] [window4-allocation-ui] › ..\tests\window4_allocation\allocation_ui.spec.ts:159:7 › Allocation capability gating › mock badge is visible on the allocation tab

(node:25808) Warning: The 'NO_COLOR' env is ignored due to the 'FORCE_COLOR' env being set.
(Use `node --trace-warnings ...` to show where the warning was created)

[214/225] [window3-spectral-ui] › ..\tests\window3_spectral\spectral_lab_ui.spec.ts:25:7 › Spectral Lab — route and scope › is reachable via the independent workspace shortcut and legacy deep link
[215/225] [window3-spectral-ui] › ..\tests\window3_spectral\spectral_lab_ui.spec.ts:32:7 › Spectral Lab — route and scope › states the scientific scope and never emits an evaluative verdict
[216/225] [window3-spectral-ui] › ..\tests\window3_spectral\spectral_lab_ui.spec.ts:46:7 › Spectral Lab — region 1 (spectral abscissa curve) › renders x = mode k, y = Re(λ) with the recorded q_at
[217/225] [window3-spectral-ui] › ..\tests\window3_spectral\spectral_lab_ui.spec.ts:54:7 › Spectral Lab — region 1 (spectral abscissa curve) › switching configuration changes the resolved q_at (four exact values)
[218/225] [window3-spectral-ui] › ..\tests\window3_spectral\spectral_lab_ui.spec.ts:64:7 › Spectral Lab — region 2 (mode detail) › renders the eigenmode for a saved selection with its index spaces
[219/225] [window3-spectral-ui] › ..\tests\window3_spectral\spectral_lab_ui.spec.ts:71:7 › Spectral Lab — region 2 (mode detail) › a registered-but-unsaved mode rank shows Unavailable, never a blank frame
[220/225] [window3-spectral-ui] › ..\tests\window3_spectral\spectral_lab_ui.spec.ts:80:7 › Spectral Lab — region 2 (mode detail) › selecting a different mode index re-reads the eigenmode
[221/225] [window3-spectral-ui] › ..\tests\window3_spectral\spectral_lab_ui.spec.ts:88:7 › Spectral Lab — region 3 (growth validation) › renders linear vs CFD with recorded rates and an explicit missing history
[222/225] [window3-spectral-ui] › ..\tests\window3_spectral\spectral_lab_ui.spec.ts:99:7 › Spectral Lab — loading state › a slow spectral provider surfaces a Loading state first
[223/225] [real-api] › tests\spectral-real-api.spec.ts:96:1 › real provider reports a missing saved vector explicitly

[WebServer] WARNING:waitress.queue:Task queue depth is 1
[224/225] [real-api] › tests\spectral-real-api.spec.ts:110:3 › real eigenmode rejects an array result identity mismatch

[WebServer] WARNING:waitress.queue:Task queue depth is 1
[WebServer] WARNING:waitress.queue:Task queue depth is 2

[WebServer] WARNING:waitress.queue:Task queue depth is 3

[225/225] [real-api] › tests\spectral-real-api.spec.ts:110:3 › real eigenmode rejects an array element count mismatch

[WebServer] WARNING:waitress.queue:Task queue depth is 1

[WebServer] WARNING:waitress.queue:Task queue depth is 2
[WebServer] WARNING:waitress.queue:Task queue depth is 3

  15 failed
    [real-api] › tests\closure-real-api.spec.ts:12:1 › Lab opens Closure and traverses D_u .05 stages, steps, Evidence and B_u recorded zero 
    [real-api] › tests\closure-real-api.spec.ts:82:1 › Fully-discrete keeps increments, cumulative and terminal values distinct through final page 
    [real-api] › tests\closure-real-api.spec.ts:101:1 › B_u D_at and E_at are recorded zeros, never missing 
    [real-api] › tests\closure-real-api.spec.ts:123:1 › scientific limitation remains visible on every tab, with no prohibited claim or spatial view 
    [real-api] › tests\closure-real-api.spec.ts:139:3 › Evidence step returns current run/tab/page from fully-discrete 
    [real-api] › tests\cylinder-crossflow-real-api.spec.ts:7:3 › Cylinder B_u: exact tabs, selectors and five actual snapshots 
    [real-api] › tests\cylinder-crossflow-real-api.spec.ts:7:3 › Cylinder D_u: exact tabs, selectors and five actual snapshots 
    [real-api] › tests\cylinder-crossflow-real-api.spec.ts:48:1 › Cylinder full 9757-record history retains scalar semantics and independent snapshot state 
    [real-api] › tests\cylinder-crossflow-real-api.spec.ts:75:1 › Cylinder evidence return restores config, tab, snapshot, field and scalar state 
    [real-api] › tests\cylinder-crossflow-real-api.spec.ts:130:1 › field asset failure shows Missing without substituting another frame 
    [real-api] › tests\evidence-real-api.spec.ts:60:1 › HISTORY is a separate historical selection; details return exact center filters/page 
    [real-api] › tests\phase11-final-integration.spec.ts:120:1 › W3 Closure D_u CFL=.05 stage and step records retain freeze binding 
    [real-api] › tests\phase12-final-integration.spec.ts:3:1 › V1 Lab catalog opens all six delivered experiments from production API 
    [real-api] › tests\phase12-final-integration.spec.ts:20:1 › V1 config-disabled Allocation keeps URL, explanation, Back/Forward and no invented field 
    [real-api] › tests\phase8-final-integration.spec.ts:6:1 › Phase8D real Cylinder D_u journey, D_u versus D_u and actual cumulative2D absence 
  210 passed (6.8m)
