[WebServer] (node:46940) Warning: The 'NO_COLOR' env is ignored due to the 'FORCE_COLOR' env being set.
[WebServer] (Use `node --trace-warnings ...` to show where the warning was created)
[WebServer] (node:33880) Warning: The 'NO_COLOR' env is ignored due to the 'FORCE_COLOR' env being set.
[WebServer] (Use `node --trace-warnings ...` to show where the warning was created)
[WebServer] (node:48044) Warning: The 'NO_COLOR' env is ignored due to the 'FORCE_COLOR' env being set.
[WebServer] (Use `node --trace-warnings ...` to show where the warning was created)
[WebServer] (node:27860) Warning: The 'NO_COLOR' env is ignored due to the 'FORCE_COLOR' env being set.
[WebServer] (Use `node --trace-warnings ...` to show where the warning was created)

Running 225 tests using 1 worker

(node:35900) Warning: The 'NO_COLOR' env is ignored due to the 'FORCE_COLOR' env being set.
(Use `node --trace-warnings ...` to show where the warning was created)
  ok   1 [unit] › tests\data-projection.unit.spec.ts:4:1 › recorded zero remains zero (4ms)
  ok   2 [unit] › tests\data-projection.unit.spec.ts:6:3 › UNKNOWN is never projected to zero (1ms)
  ok   3 [unit] › tests\data-projection.unit.spec.ts:6:3 › MISSING is never projected to zero (0ms)
  ok   4 [unit] › tests\data-projection.unit.spec.ts:6:3 › NOT_APPLICABLE is never projected to zero (0ms)
  ok   5 [unit] › tests\data-projection.unit.spec.ts:8:1 › recorded physical time keeps its full precision (1ms)
  ok   6 [unit] › tests\evidence.unit.spec.ts:5:1 › recorded zero and false remain known; unknown facts carry reasons (1ms)
  ok   7 [unit] › tests\evidence.unit.spec.ts:11:1 › verification mapping retains every frozen status and distinguishes history and unfrozen evidence (2ms)
  ok   8 [unit] › tests\evidence.unit.spec.ts:19:1 › public provenance and error text strip locators while preserving controlled relative origins (2ms)
  ok   9 [unit] › tests\evidence.unit.spec.ts:26:3 › unsafe return context rejected: null (0ms)
  ok  10 [unit] › tests\evidence.unit.spec.ts:26:3 › unsafe return context rejected: {broken (0ms)
  ok  11 [unit] › tests\evidence.unit.spec.ts:26:3 › unsafe return context rejected: {"name":"https://evil.example"} (0ms)
  ok  12 [unit] › tests\evidence.unit.spec.ts:26:3 › unsafe return context rejected: {"name":"lab","path":"file:///D:/science"} (0ms)
  ok  13 [unit] › tests\evidence.unit.spec.ts:26:3 › unsafe return context rejected: {"name":"experiment"} (0ms)
  ok  14 [unit] › tests\evidence.unit.spec.ts:26:3 › unsafe return context rejected: {"name":"lab","query":{"nested":{}}} (0ms)
  ok  15 [unit] › tests\evidence.unit.spec.ts:28:1 › result and center return contexts preserve exact selectors (1ms)
  ok  16 [unit] › tests\localization.unit.spec.ts:4:1 › presentation preserves scientific identities, formulas, precision and recorded zero (8ms)
  ok  17 [unit] › tests\localization.unit.spec.ts:16:1 › chart localization copies labels without rewriting or mutating scientific data (2ms)
  ok  18 [unit] › tests\localization.unit.spec.ts:29:1 › seven scenes retain strict-1D zero-output and modal/comparison boundaries (2ms)
(node:35728) Warning: The 'NO_COLOR' env is ignored due to the 'FORCE_COLOR' env being set.
(Use `node --trace-warnings ...` to show where the warning was created)
  ok  19 [phase5-10-real-api] › tests\allocation-real-api.spec.ts:3:1 › explicit allocation outage stays unsupported without a fake map (598ms)
  ok  20 [phase5-10-real-api] › tests\allocation-real-api.spec.ts:23:1 › real Lab -> Case8 -> Allocation -> D_u -> all Gates -> Evidence (8.6s)
  ok  21 [phase5-10-real-api] › tests\allocation-real-api.spec.ts:94:3 › rejects an API representation mismatch without drawing a field (1.1s)
  ok  22 [phase5-10-real-api] › tests\allocation-real-api.spec.ts:94:3 › rejects an API semantic mismatch without drawing a field (463ms)
  ok  23 [phase5-10-real-api] › tests\allocation-real-api.spec.ts:94:3 › rejects an API mask mismatch without drawing a field (556ms)
  ok  24 [phase5-10-real-api] › tests\allocation-real-api.spec.ts:94:3 › rejects an API measure mismatch without drawing a field (443ms)
  ok  25 [phase5-10-real-api] › tests\case8-acceptance.spec.ts:25:3 › Case8 acceptance chain › every recorded snapshot index is addressable and index 0 is refused (458ms)
  ok  26 [phase5-10-real-api] › tests\case8-acceptance.spec.ts:34:3 › Case8 acceptance chain › the initial frame is snapshot 1 with step 0, not snapshot 0 (575ms)
  ok  27 [phase5-10-real-api] › tests\case8-acceptance.spec.ts:40:3 › Case8 acceptance chain › snapshot 6 of D_u shows step 1912 and physical time 0.08 (573ms)
  ok  28 [phase5-10-real-api] › tests\case8-acceptance.spec.ts:47:3 › Case8 acceptance chain › entropy tab reports a 1912-record series for the selected configuration (3.1s)
  ok  29 [phase5-10-real-api] › tests\case8-acceptance.spec.ts:53:3 › Case8 acceptance chain › metrics tab reports the recorded snapshot scope and definitions (469ms)
  ok  30 [phase5-10-real-api] › tests\case8-acceptance.spec.ts:59:3 › Case8 acceptance chain › an absent metric is rendered as missing, never as zero (230ms)
  ok  31 [phase5-10-real-api] › tests\case8-acceptance.spec.ts:68:3 › Case8 acceptance chain › evidence view exposes provenance without an absolute source path (265ms)
  ok  32 [phase5-10-real-api] › tests\case8-acceptance.spec.ts:77:3 › state restoration › reloading a deep link restores the selection (460ms)
  ok  33 [phase5-10-real-api] › tests\case8-acceptance.spec.ts:84:3 › state restoration › back navigation restores the previous tab selection (285ms)
  ok  34 [phase5-10-real-api] › tests\case8-acceptance.spec.ts:91:3 › state restoration › switching configuration clears the previous selection (486ms)
  ok  35 [phase5-10-real-api] › tests\case8-acceptance.spec.ts:98:3 › state restoration › the snapshot timeline offers exactly the six recorded frames (463ms)
  ok  36 [phase5-10-real-api] › tests\case8-acceptance.spec.ts:107:3 › bootstrap chain still holds › the frozen bootstrap route chain is unchanged (2.3s)
  ok  37 [phase5-10-real-api] › tests\case8-real-integration.spec.ts:3:1 › real vertical slice and four-configuration acceptance (25.2s)
  ok  38 [phase5-10-real-api] › tests\case8-real-integration.spec.ts:66:1 › real API outage shows an error without a mock fallback (246ms)
  ok  39 [phase5-10-real-api] › tests\closure-real-api.spec.ts:12:1 › Lab opens Closure and traverses D_u .05 stages, steps, Evidence and B_u recorded zero (45.3s)
  ok  40 [phase5-10-real-api] › tests\closure-real-api.spec.ts:41:1 › CLO01 supplies exactly five complete legal selections; every run is selectable (1.8s)
  ok  41 [phase5-10-real-api] › tests\closure-real-api.spec.ts:53:1 › invalid config × CFL deep link produces no history request or result (1.6s)
  ok  42 [phase5-10-real-api] › tests\closure-real-api.spec.ts:61:1 › Semi-discrete preserves PER_STAGE records, clocks, definitions and optional channels (17.2s)
  ok  43 [phase5-10-real-api] › tests\closure-real-api.spec.ts:82:1 › Fully-discrete keeps increments, cumulative and terminal values distinct through final page (18.7s)
  ok  44 [phase5-10-real-api] › tests\closure-real-api.spec.ts:101:1 › B_u D_at and E_at are recorded zeros, never missing (18.9s)
  ok  45 [phase5-10-real-api] › tests\closure-real-api.spec.ts:110:1 › four-point refinement and global/pairwise orders equal frozen CLO05 (1.4s)
  ok  46 [phase5-10-real-api] › tests\closure-real-api.spec.ts:123:1 › scientific limitation remains visible on every tab, with no prohibited claim or spatial view (18.0s)
  ok  47 [phase5-10-real-api] › tests\closure-real-api.spec.ts:139:3 › Evidence run returns current run/tab/page from overview (3.9s)
  ok  48 [phase5-10-real-api] › tests\closure-real-api.spec.ts:139:3 › Evidence stage returns current run/tab/page from semi-discrete (8.3s)
  ok  49 [phase5-10-real-api] › tests\closure-real-api.spec.ts:139:3 › Evidence step returns current run/tab/page from fully-discrete (18.7s)
  ok  50 [phase5-10-real-api] › tests\closure-real-api.spec.ts:139:3 › Evidence run returns current run/tab/page from evidence (14.1s)
  ok  51 [phase5-10-real-api] › tests\closure-real-api.spec.ts:152:1 › Evidence tab exposes all runs, both history groups, and refinement; refinement returns same run (2.3s)
  ok  52 [phase5-10-real-api] › tests\closure-real-api.spec.ts:162:1 › changing run while history is in flight cannot show stale scientific data (7.2s)
  ok  53 [phase5-10-real-api] › tests\closure-real-api.spec.ts:178:1 › scientific missing response remains missing, without a substitute chart (1.1s)
  ok  54 [phase5-10-real-api] › tests\closure-real-api.spec.ts:184:1 › non-production science is rejected even if API transport reports success (1.1s)
  ok  55 [phase5-10-real-api] › tests\closure-real-api.spec.ts:202:3 › API registry failure displays error and no mock fallback (246ms)
  ok  56 [phase5-10-real-api] › tests\closure-real-api.spec.ts:202:3 › API stage failure displays error and no mock fallback (1.6s)
  ok  57 [phase5-10-real-api] › tests\closure-real-api.spec.ts:202:3 › API step failure displays error and no mock fallback (1.6s)
  ok  58 [phase5-10-real-api] › tests\closure-real-api.spec.ts:202:3 › API refinement failure displays error and no mock fallback (1.1s)
  ok  59 [phase5-10-real-api] › tests\closure-real-api.spec.ts:213:1 › production artifacts contain no mock provider or synthetic scientific payload (42ms)
  ok  60 [phase5-10-real-api] › tests\cylinder-crossflow-real-api.spec.ts:7:3 › Cylinder A_u: exact tabs, selectors and five actual snapshots (6.2s)
  ok  61 [phase5-10-real-api] › tests\cylinder-crossflow-real-api.spec.ts:33:3 › Cylinder A_u: 16 trajectory sectors, front-band and cumulative2D Missing (1.1s)
  ok  62 [phase5-10-real-api] › tests\cylinder-crossflow-real-api.spec.ts:7:3 › Cylinder B_u: exact tabs, selectors and five actual snapshots (5.6s)
  ok  63 [phase5-10-real-api] › tests\cylinder-crossflow-real-api.spec.ts:33:3 › Cylinder B_u: 16 trajectory sectors, front-band and cumulative2D Missing (1.1s)
  ok  64 [phase5-10-real-api] › tests\cylinder-crossflow-real-api.spec.ts:7:3 › Cylinder D_u: exact tabs, selectors and five actual snapshots (6.1s)
  ok  65 [phase5-10-real-api] › tests\cylinder-crossflow-real-api.spec.ts:33:3 › Cylinder D_u: 16 trajectory sectors, front-band and cumulative2D Missing (1.1s)
  ok  66 [phase5-10-real-api] › tests\cylinder-crossflow-real-api.spec.ts:48:1 › Cylinder full 9757-record history retains scalar semantics and independent snapshot state (38.5s)
  ok  67 [phase5-10-real-api] › tests\cylinder-crossflow-real-api.spec.ts:65:1 › Cylinder local canonical metrics retain definitions, detectors, units, time and detector floor (651ms)
  ok  68 [phase5-10-real-api] › tests\cylinder-crossflow-real-api.spec.ts:75:1 › Cylinder evidence return restores config, tab, snapshot, field and scalar state (3.8s)
  ok  69 [phase5-10-real-api] › tests\cylinder-crossflow-real-api.spec.ts:86:1 › Cross-flow renders distinct scientific objects, policies, comparability and both evidence contexts (8.2s)
  ok  70 [phase5-10-real-api] › tests\cylinder-crossflow-real-api.spec.ts:122:3 › API outage has no mock fallback: /lab/experiments/cylinder?tab=flow (257ms)
  ok  71 [phase5-10-real-api] › tests\cylinder-crossflow-real-api.spec.ts:122:3 › API outage has no mock fallback: /lab/experiments/cylinder?tab=entropy (259ms)
  ok  72 [phase5-10-real-api] › tests\cylinder-crossflow-real-api.spec.ts:122:3 › API outage has no mock fallback: /lab/experiments/cylinder?tab=sectors (263ms)
  ok  73 [phase5-10-real-api] › tests\cylinder-crossflow-real-api.spec.ts:122:3 › API outage has no mock fallback: /lab/experiments/cylinder?tab=metrics (261ms)
  ok  74 [phase5-10-real-api] › tests\cylinder-crossflow-real-api.spec.ts:122:3 › API outage has no mock fallback: /cross-flow (262ms)
  ok  75 [phase5-10-real-api] › tests\cylinder-crossflow-real-api.spec.ts:130:1 › field asset failure shows Missing without substituting another frame (1.1s)
  ok  76 [phase5-10-real-api] › tests\cylinder-crossflow-real-api.spec.ts:136:1 › invalid snapshot and unsupported config deep links never create frames or C_u selector (1.1s)
  ok  77 [phase5-10-real-api] › tests\cylinder-crossflow-real-api.spec.ts:146:1 › Lab navigation opens Cylinder and cross-flow routes (1.2s)
  ok  78 [phase5-10-real-api] › tests\cylinder-crossflow-real-api.spec.ts:153:1 › production bundle contains zero mock implementation or fixture identifiers (14ms)
  ok  79 [phase5-10-real-api] › tests\cylinder-crossflow-real-api.spec.ts:158:1 › Cylinder config changes retain selected tab and replace allocation identity (3.9s)
  ok  80 [phase5-10-real-api] › tests\evidence-real-api.spec.ts:15:1 › Evidence navigation opens CURRENT with bounded EVI01 pagination and server filters (5.2s)
  ok  81 [phase5-10-real-api] › tests\evidence-real-api.spec.ts:45:1 › GAPS exposes actual missing sources, effects and limits without repair actions (2.2s)
  ok  82 [phase5-10-real-api] › tests\evidence-real-api.spec.ts:60:1 › HISTORY is a separate historical selection; details return exact center filters/page (5.3s)
  ok  83 [phase5-10-real-api] › tests\evidence-real-api.spec.ts:73:1 › P09 renders complete canonical method/config/assets/freeze/processing/definitions/limitations/relations (578ms)
  ok  84 [phase5-10-real-api] › tests\evidence-real-api.spec.ts:94:1 › drift response remains inspectable, with distinct recorded/current facts and no availability claim (413ms)
  ok  85 [phase5-10-real-api] › tests\evidence-real-api.spec.ts:109:1 › source drift filters the current server page honestly without a forbidden query (344ms)
  ok  86 [phase5-10-real-api] › tests\evidence-real-api.spec.ts:128:1 › public text strips unsafe locators; all links are application routes and never downloads (357ms)
  ok  87 [phase5-10-real-api] › tests\evidence-real-api.spec.ts:139:1 › known superseded_by links to registered successor; unknown fields are never inferred (351ms)
  ok  88 [phase5-10-real-api] › tests\evidence-real-api.spec.ts:158:3 › Quick close, Quick→Detail, Detail→Result and browser Back preserve /lab/experiments/case8?config=D_u&tab=allocation (2.3s)
  ok  89 [phase5-10-real-api] › tests\evidence-real-api.spec.ts:158:3 › Quick close, Quick→Detail, Detail→Result and browser Back preserve /lab/experiments/case8?config=D_u&tab=spectral&spectral_q=spectrum.q-0.396&spectral_mode=8 (3.8s)
  ok  90 [phase5-10-real-api] › tests\evidence-real-api.spec.ts:158:3 › Quick close, Quick→Detail, Detail→Result and browser Back preserve /explore?scene=6&case8_config=D_u&cylinder_config=B_u&view=allocation (894ms)
  ok  91 [phase5-10-real-api] › tests\evidence-real-api.spec.ts:187:1 › Quick View traps focus, Escape closes, and changing route aborts stale evidence (1.7s)
  ok  92 [phase5-10-real-api] › tests\evidence-real-api.spec.ts:204:1 › Mechanism own EVI03 evidence is non-numerical in Quick and P09 (1.4s)
  ok  93 [phase5-10-real-api] › tests\evidence-real-api.spec.ts:214:1 › Cylinder missing cumulative evidence stays MISSING and inspectable (367ms)
  ok  94 [phase5-10-real-api] › tests\evidence-real-api.spec.ts:220:1 › Closure evidence exposes recorded run and actual stage processing (1.1s)
  ok  95 [phase5-10-real-api] › tests\evidence-real-api.spec.ts:228:53 › evidence index http error is explicit and retry uses real API without fallback (1.7s)
  ok  96 [phase5-10-real-api] › tests\evidence-real-api.spec.ts:228:53 › evidence index network error is explicit and retry uses real API without fallback (1.7s)
  ok  97 [phase5-10-real-api] › tests\evidence-real-api.spec.ts:228:53 › evidence record http error is explicit and retry uses real API without fallback (389ms)
  ok  98 [phase5-10-real-api] › tests\evidence-real-api.spec.ts:228:53 › evidence record network error is explicit and retry uses real API without fallback (361ms)
  ok  99 [phase5-10-real-api] › tests\evidence-real-api.spec.ts:242:1 › Quick evidence API outage does not fabricate record; close preserves live result (627ms)
  ok 100 [phase5-10-real-api] › tests\evidence-real-api.spec.ts:255:1 › Allocation family, gate and comparison survive full record, browser Back and reload (1.4s)
  ok 101 [phase5-10-real-api] › tests\evidence-real-api.spec.ts:276:1 › unknown evidence ID has explicit missing state and no fabricated metadata (241ms)
  ok 102 [phase5-10-real-api] › tests\explore-real-api.spec.ts:16:1 › Home and Lab enter implemented Explore; CONTENT01 returns exactly seven presets (452ms)
  ok 103 [phase5-10-real-api] › tests\explore-real-api.spec.ts:31:3 › Scene 1 direct deep link, reload and production screenshot (8.1s)
  ok 104 [phase5-10-real-api] › tests\explore-real-api.spec.ts:31:3 › Scene 2 direct deep link, reload and production screenshot (567ms)
  ok 105 [phase5-10-real-api] › tests\explore-real-api.spec.ts:31:3 › Scene 3 direct deep link, reload and production screenshot (486ms)
  ok 106 [phase5-10-real-api] › tests\explore-real-api.spec.ts:31:3 › Scene 4 direct deep link, reload and production screenshot (1.2s)
  ok 107 [phase5-10-real-api] › tests\explore-real-api.spec.ts:31:3 › Scene 5 direct deep link, reload and production screenshot (1.1s)
  ok 108 [phase5-10-real-api] › tests\explore-real-api.spec.ts:31:3 › Scene 6 direct deep link, reload and production screenshot (4.9s)
  ok 109 [phase5-10-real-api] › tests\explore-real-api.spec.ts:31:3 › Scene 7 direct deep link, reload and production screenshot (727ms)
  ok 110 [phase5-10-real-api] › tests\explore-real-api.spec.ts:53:1 › S1 reads B_u / D_u Case8 accepted histories and terminal facts verbatim (6.3s)
  ok 111 [phase5-10-real-api] › tests\explore-real-api.spec.ts:70:1 › S2 schematic and S3 strict/weak plus off/enabled use shared MechanismView (411ms)
  ok 112 [phase5-10-real-api] › tests\explore-real-api.spec.ts:85:1 › S4 Gate matched q_at, common API scale, fixed window and saved fractions (861ms)
  ok 113 [phase5-10-real-api] › tests\explore-real-api.spec.ts:103:1 › S5 complete real SPEC02 curves retain negative, positive and near-zero directions (1.0s)
  ok 114 [phase5-10-real-api] › tests\explore-real-api.spec.ts:116:1 › S6 CMP01 fixed D_u pair keeps independent renderers, policies and missing 2D (2.1s)
  ok 115 [phase5-10-real-api] › tests\explore-real-api.spec.ts:129:1 › S7 real per-result evidence loads one record with identity/config/hash/limits; Detail returns (495ms)
  ok 116 [phase5-10-real-api] › tests\explore-real-api.spec.ts:143:1 › Previous / Next, scene navigation and browser Back restore only Scene/page (2.9s)
  ok 117 [phase5-10-real-api] › tests\explore-real-api.spec.ts:157:3 › S1 Open in Lab carries legal configuration/tab/source_scene and explicit return survives reload (5.2s)
  ok 118 [phase5-10-real-api] › tests\explore-real-api.spec.ts:157:3 › S4 Open in Lab carries legal configuration/tab/source_scene and explicit return survives reload (3.2s)
  ok 119 [phase5-10-real-api] › tests\explore-real-api.spec.ts:157:3 › S5 Open in Lab carries legal configuration/tab/source_scene and explicit return survives reload (661ms)
  ok 120 [phase5-10-real-api] › tests\explore-real-api.spec.ts:157:3 › S6 Open in Lab carries legal configuration/tab/source_scene and explicit return survives reload (2.9s)
  ok 121 [phase5-10-real-api] › tests\explore-real-api.spec.ts:157:3 › S7 Open in Lab carries legal configuration/tab/source_scene and explicit return survives reload (521ms)
  ok 122 [phase5-10-real-api] › tests\explore-real-api.spec.ts:171:3 › invalid scene "0" has error and no scientific content (263ms)
  ok 123 [phase5-10-real-api] › tests\explore-real-api.spec.ts:171:3 › invalid scene "8" has error and no scientific content (258ms)
  ok 124 [phase5-10-real-api] › tests\explore-real-api.spec.ts:171:3 › invalid scene "-1" has error and no scientific content (268ms)
  ok 125 [phase5-10-real-api] › tests\explore-real-api.spec.ts:171:3 › invalid scene "abc" has error and no scientific content (261ms)
  ok 126 [phase5-10-real-api] › tests\explore-real-api.spec.ts:171:3 › invalid scene "1.5" has error and no scientific content (262ms)
  ok 127 [phase5-10-real-api] › tests\explore-real-api.spec.ts:171:3 › invalid scene "" has error and no scientific content (269ms)
  ok 128 [phase5-10-real-api] › tests\explore-real-api.spec.ts:186:3 › S1 scientific API failure is explicit with no mock fallback (348ms)
  ok 129 [phase5-10-real-api] › tests\explore-real-api.spec.ts:186:3 › S2 scientific API failure is explicit with no mock fallback (573ms)
  ok 130 [phase5-10-real-api] › tests\explore-real-api.spec.ts:186:3 › S4 scientific API failure is explicit with no mock fallback (557ms)
  ok 131 [phase5-10-real-api] › tests\explore-real-api.spec.ts:186:3 › S5 scientific API failure is explicit with no mock fallback (277ms)
  ok 132 [phase5-10-real-api] › tests\explore-real-api.spec.ts:186:3 › S6 scientific API failure is explicit with no mock fallback (264ms)
  ok 133 [phase5-10-real-api] › tests\explore-real-api.spec.ts:186:3 › S7 scientific API failure is explicit with no mock fallback (259ms)
  ok 134 [phase5-10-real-api] › tests\explore-real-api.spec.ts:195:1 › CONTENT01 outage prevents science; production bundle excludes synthetic providers (285ms)
  ok 135 [phase5-10-real-api] › tests\explore-real-api.spec.ts:206:1 › Lab edits preserve the original Explore return context (4.9s)
  ok 136 [phase5-10-real-api] › tests\explore-real-api.spec.ts:217:1 › rapid Scene changes and selected S7 evidence cannot display stale data (6.5s)
  ok 137 [phase5-10-real-api] › tests\mechanism-real-api.spec.ts:13:1 › Lab route opens/reloads CONTENT03 real API with every registered node and edge (936ms)
  ok 138 [phase5-10-real-api] › tests\mechanism-real-api.spec.ts:45:5 › STRICT_1D / q_at OFF: receiving content and output remain separate from trigger (342ms)
  ok 139 [phase5-10-real-api] › tests\mechanism-real-api.spec.ts:45:5 › STRICT_1D / q_at ENABLED: receiving content and output remain separate from trigger (429ms)
  ok 140 [phase5-10-real-api] › tests\mechanism-real-api.spec.ts:45:5 › WEAKLY_2D / q_at OFF: receiving content and output remain separate from trigger (328ms)
  ok 141 [phase5-10-real-api] › tests\mechanism-real-api.spec.ts:45:5 › WEAKLY_2D / q_at ENABLED: receiving content and output remain separate from trigger (324ms)
  ok 142 [phase5-10-real-api] › tests\mechanism-real-api.spec.ts:65:1 › trigger/output have distinct visual and semantic roles; keyboard and delta_t wording (366ms)
  ok 143 [phase5-10-real-api] › tests\mechanism-real-api.spec.ts:83:1 › Near1D theory only; no sliders, numeric points or numerical chart (271ms)
  ok 144 [phase5-10-real-api] › tests\mechanism-real-api.spec.ts:95:1 › node evidence quick/detail uses EVI02 and restores full mechanism state (511ms)
  ok 145 [phase5-10-real-api] › tests\mechanism-real-api.spec.ts:116:3 › Explore S2 shares MechanismView, returns to source_scene and browser Back works (580ms)
  ok 146 [phase5-10-real-api] › tests\mechanism-real-api.spec.ts:116:3 › Explore S3 shares MechanismView, returns to source_scene and browser Back works (592ms)
  ok 147 [phase5-10-real-api] › tests\mechanism-real-api.spec.ts:139:1 › browser Back restores discrete state and node selection (319ms)
  ok 148 [phase5-10-real-api] › tests\mechanism-real-api.spec.ts:153:3 › CONTENT03 network failure shows error, no mock fallback; retry recovers (323ms)
  ok 149 [phase5-10-real-api] › tests\mechanism-real-api.spec.ts:153:3 › CONTENT03 http failure shows error, no mock fallback; retry recovers (315ms)
  ok 150 [phase5-10-real-api] › tests\mechanism-real-api.spec.ts:153:3 › CONTENT03 envelope failure shows error, no mock fallback; retry recovers (365ms)
  ok 151 [phase5-10-real-api] › tests\mechanism-real-api.spec.ts:153:3 › CONTENT03 origin failure shows error, no mock fallback; retry recovers (340ms)
  ok 152 [phase5-10-real-api] › tests\mechanism-real-api.spec.ts:176:1 › evidence outage leaves schematic visible and shows no fabricated record (327ms)
  ok 153 [phase5-10-real-api] › tests\mechanism-real-api.spec.ts:185:1 › Explore metadata outage and invalid scene cannot fabricate S2/S3 (321ms)
  ok 154 [phase5-10-real-api] › tests\phase10-final-integration.spec.ts:5:1 › Entry → Home → seven real Scenes → Evidence Detail → Scene → Lab → original Scene (6.8s)
  ok 155 [phase5-10-real-api] › tests\phase11-final-integration.spec.ts:25:1 › W3 Case8 D_u Allocation traces source/hash/processing and restores result (1.7s)
  ok 156 [phase5-10-real-api] › tests\phase11-final-integration.spec.ts:38:1 › W3 Gate Acoustic traces matched configuration, native map, mask and summary (2.1s)
  ok 157 [phase5-10-real-api] › tests\phase11-final-integration.spec.ts:52:1 › W3 q_at=.396 mode8 traces eigenmode and Spectrum provenance without changing selectors (3.4s)
  ok 158 [phase5-10-real-api] › tests\phase11-final-integration.spec.ts:69:1 › W3 Modal Validation history resolves the actual selected eigenpair via SPEC05 and EVI03 (1.6s)
  ok 159 [phase5-10-real-api] › tests\phase11-final-integration.spec.ts:93:1 › W3 Cylinder D_u sectors trace J2C-v2 sources and limitation (2.7s)
  ok 160 [phase5-10-real-api] › tests\phase11-final-integration.spec.ts:105:1 › W3 Cross-flow D_u/D_u preserves independent evidence and descriptive policies (4.6s)
  ok 161 [phase5-10-real-api] › tests\phase11-final-integration.spec.ts:120:1 › W3 Closure D_u CFL=.05 stage and step records retain freeze binding (26.9s)
  ok 162 [phase5-10-real-api] › tests\phase11-final-integration.spec.ts:134:1 › W3 Mechanism SCHEMATIC theory/implementation stays nonnumerical (6.4s)
  ok 163 [phase5-10-real-api] › tests\phase11-final-integration.spec.ts:142:1 › W3 three required GAPS have no values, fake plots or reconstruct actions (2.2s)
  ok 164 [phase5-10-real-api] › tests\phase11-final-integration.spec.ts:154:1 › W3 Home→Lab reaches each implemented module and Evidence navigation (14.2s)
  ok 165 [phase5-10-real-api] › tests\phase12-final-integration.spec.ts:3:1 › V1 Lab catalog opens all six delivered experiments from production API (20.5s)
  ok 166 [phase5-10-real-api] › tests\phase12-final-integration.spec.ts:20:1 › V1 config-disabled Allocation keeps URL, explanation, Back/Forward and no invented field (3.2s)
  ok 167 [phase5-10-real-api] › tests\phase12-final-integration.spec.ts:43:3 › V1 gate hides absent capabilities and preserves unsupported deep link (618ms)
  ok 168 [phase5-10-real-api] › tests\phase12-final-integration.spec.ts:43:3 › V1 spectrum hides absent capabilities and preserves unsupported deep link (639ms)
  ok 169 [phase5-10-real-api] › tests\phase12-final-integration.spec.ts:43:3 › V1 modal-validation hides absent capabilities and preserves unsupported deep link (811ms)
  ok 170 [phase5-10-real-api] › tests\phase12-final-integration.spec.ts:62:1 › V1 metadata API failure preserves location and explicit error without scientific fallback (224ms)
  ok 171 [phase5-10-real-api] › tests\phase12-final-integration.spec.ts:73:3 › V1 case8 unknown view remains an explicit unsupported location (231ms)
  ok 172 [phase5-10-real-api] › tests\phase12-final-integration.spec.ts:73:3 › V1 cylinder unknown view remains an explicit unsupported location (242ms)
  ok 173 [phase5-10-real-api] › tests\phase12-final-integration.spec.ts:73:3 › V1 entropy-closure unknown view remains an explicit unsupported location (1.6s)
  ok 174 [phase5-10-real-api] › tests\routes.spec.ts:12:3 › opens and reloads / (302ms)
  ok 175 [phase5-10-real-api] › tests\routes.spec.ts:12:3 › opens and reloads /home (297ms)
  ok 176 [phase5-10-real-api] › tests\routes.spec.ts:12:3 › opens and reloads /lab (289ms)
  ok 177 [phase5-10-real-api] › tests\routes.spec.ts:12:3 › opens and reloads /lab/experiments/case8 (293ms)
  ok 178 [phase5-10-real-api] › tests\routes.spec.ts:12:3 › opens and reloads /evidence/ev.case8.D_u.snapshot.6.density (334ms)
  ok 179 [phase5-10-real-api] › tests\spectral-real-api.spec.ts:14:1 › real spectral outage is surfaced honestly with no fabricated curve (473ms)
  ok 180 [phase5-10-real-api] › tests\spectral-real-api.spec.ts:34:1 › real Spectral Lab reads recorded frozen facts (2.0s)
  ok 181 [phase5-10-real-api] › tests\spectral-real-api.spec.ts:59:1 › all four real configurations expose every recorded mode and restore evidence context (32.6s)
  ok 182 [phase5-10-real-api] › tests\spectral-real-api.spec.ts:96:1 › real provider reports a missing saved vector explicitly (912ms)
  ok 183 [phase5-10-real-api] › tests\spectral-real-api.spec.ts:110:3 › real eigenmode rejects an array result identity mismatch (1.1s)
  ok 184 [phase5-10-real-api] › tests\spectral-real-api.spec.ts:110:3 › real eigenmode rejects an array element count mismatch (1.6s)
  ok 185 [phase5-10-real-api] › tests\v2-p1-experiments.spec.ts:14:1 › template and form share hash, paper changes preserve lineage, confirmation invalidates (691ms)
  ok 186 [phase5-10-real-api] › tests\v2-p1-experiments.spec.ts:44:1 › benchmarked fast and unavailable AI stay explicit; reload and navigation work (594ms)
  ok 187 [phase5-10-real-api] › tests\v2-p1-experiments.spec.ts:62:1 › natural language UI uses real validation summary and requires clarification (576ms)
  ok 188 [phase5-10-real-api] › tests\v2-p1-experiments.spec.ts:99:1 › backend capability errors are shown and retry can validate (377ms)
  ok 189 [phase5-10-real-api] › tests\v2-p1-experiments.spec.ts:112:1 › mobile builder has no horizontal overflow and can confirm configuration (485ms)
(node:22188) Warning: The 'NO_COLOR' env is ignored due to the 'FORCE_COLOR' env being set.
(Use `node --trace-warnings ...` to show where the warning was created)
  ok 190 [phase8-real-api] › tests\phase8-final-integration.spec.ts:6:1 › Phase8D real Cylinder D_u journey, D_u versus D_u and actual cumulative2D absence (28.5s)
(node:25676) Warning: The 'NO_COLOR' env is ignored due to the 'FORCE_COLOR' env being set.
(Use `node --trace-warnings ...` to show where the warning was created)
  ok 191 [window3-mock-development] › ..\tests\window3_frontend\case8_slice.spec.ts:18:7 › Entry -> Home -> Lab -> Case8 chain › Entry shows identity and enters the system (609ms)
  ok 192 [window3-mock-development] › ..\tests\window3_frontend\case8_slice.spec.ts:26:7 › Entry -> Home -> Lab -> Case8 chain › Home shows the scientific question, implemented Explore, and Lab entry (536ms)
  ok 193 [window3-mock-development] › ..\tests\window3_frontend\case8_slice.spec.ts:40:7 › Entry -> Home -> Lab -> Case8 chain › Lab marks only Case8 IMPLEMENTED and others PLANNED (never MISSING data) (523ms)
  ok 194 [window3-mock-development] › ..\tests\window3_frontend\case8_slice.spec.ts:57:7 › Case8 config switching › A/B/C/D are selectable and update the overview (582ms)
  ok 195 [window3-mock-development] › ..\tests\window3_frontend\case8_slice.spec.ts:67:7 › Case8 config switching › Allocation is family-present but disabled for A/B/C and explained (526ms)
  ok 196 [window3-mock-development] › ..\tests\window3_frontend\case8_slice.spec.ts:77:7 › Flow snapshots › snapshots 1..6 render with "Snapshot n / 6" and actual step/time (1.9s)
  ok 197 [window3-mock-development] › ..\tests\window3_frontend\case8_slice.spec.ts:93:7 › Flow snapshots › snapshot 0 is not offered as a recorded index (520ms)
  ok 198 [window3-mock-development] › ..\tests\window3_frontend\case8_slice.spec.ts:102:7 › Flow snapshots › field switch re-renders density / pressure / front (1.3s)
  ok 199 [window3-mock-development] › ..\tests\window3_frontend\case8_slice.spec.ts:112:7 › Entropy + dual time › entropy chart renders and selecting a step shows both times (888ms)
  ok 200 [window3-mock-development] › ..\tests\window3_frontend\case8_slice.spec.ts:127:7 › Entropy + dual time › selecting a scalar step also works via a chart click (812ms)
  ok 201 [window3-mock-development] › ..\tests\window3_frontend\case8_slice.spec.ts:143:7 › Metrics › each metric shows value with definition, unit, detector and evidence link (611ms)
  ok 202 [window3-mock-development] › ..\tests\window3_frontend\case8_slice.spec.ts:158:7 › Evidence navigation and return context › mock Evidence tab -> Quick -> P09 missing state -> back restores experiment/config/tab (753ms)
  ok 203 [window3-mock-development] › ..\tests\window3_frontend\case8_slice.spec.ts:173:7 › Evidence navigation and return context › direct evidence deep link has no fake back target (430ms)
  ok 204 [window3-mock-development] › ..\tests\window3_frontend\case8_slice.spec.ts:182:7 › Refresh / deep-link recovery › refresh keeps config, tab and snapshot (931ms)
  ok 205 [window3-mock-development] › ..\tests\window3_frontend\case8_slice.spec.ts:191:7 › Refresh / deep-link recovery › unknown experiment shows a system fallback (414ms)
  ok 206 [window3-mock-development] › ..\tests\window3_frontend\case8_slice.spec.ts:198:7 › MOCK labelling › mock badge is visibly present on data pages (555ms)
(node:33440) Warning: The 'NO_COLOR' env is ignored due to the 'FORCE_COLOR' env being set.
(Use `node --trace-warnings ...` to show where the warning was created)
  ok 207 [window4-allocation-ui] › ..\tests\window4_allocation\allocation_ui.spec.ts:24:7 › Allocation tab — Case8 D_u FACE_FIELD › shows representation_type FACE_FIELD with face measure and two orientations (754ms)
  ok 208 [window4-allocation-ui] › ..\tests\window4_allocation\allocation_ui.spec.ts:42:7 › Allocation tab — Case8 D_u FACE_FIELD › shows the per-orientation mask identity and both mask counts (695ms)
  ok 209 [window4-allocation-ui] › ..\tests\window4_allocation\allocation_ui.spec.ts:49:7 › Allocation tab — Case8 D_u FACE_FIELD › shows definition, verification and evidence blocks (697ms)
  ok 210 [window4-allocation-ui] › ..\tests\window4_allocation\allocation_ui.spec.ts:56:7 › Allocation tab — Case8 D_u FACE_FIELD › summary shows budget and inside fraction (681ms)
  ok 211 [window4-allocation-ui] › ..\tests\window4_allocation\allocation_ui.spec.ts:65:7 › Allocation tab — Gate CELL_FIELD › switching family shows CELL_FIELD with cell measure and one field (730ms)
  ok 212 [window4-allocation-ui] › ..\tests\window4_allocation\allocation_ui.spec.ts:82:7 › Allocation tab — Gate CELL_FIELD › all three Gate configs render a cell map with matched-budget summaries (1.2s)
  ok 213 [window4-allocation-ui] › ..\tests\window4_allocation\allocation_ui.spec.ts:100:7 › Allocation tab — Gate CELL_FIELD › cell mask identity is distinct from the Case8 face mask (917ms)
  ok 214 [window4-allocation-ui] › ..\tests\window4_allocation\allocation_ui.spec.ts:115:7 › The two representations are never the same object › FACE and CELL differ in representation, measure, mask and raster (936ms)
  ok 215 [window4-allocation-ui] › ..\tests\window4_allocation\allocation_ui.spec.ts:152:7 › Allocation capability gating › allocation tab stays disabled for A/B/C and enabled for D_u (516ms)
  ok 216 [window4-allocation-ui] › ..\tests\window4_allocation\allocation_ui.spec.ts:159:7 › Allocation capability gating › mock badge is visible on the allocation tab (704ms)
(node:49756) Warning: The 'NO_COLOR' env is ignored due to the 'FORCE_COLOR' env being set.
(Use `node --trace-warnings ...` to show where the warning was created)
  ok 217 [window3-spectral-ui] › ..\tests\window3_spectral\spectral_lab_ui.spec.ts:25:7 › Spectral Lab — route and scope › is reachable via the independent workspace shortcut and legacy deep link (599ms)
  ok 218 [window3-spectral-ui] › ..\tests\window3_spectral\spectral_lab_ui.spec.ts:32:7 › Spectral Lab — route and scope › states the scientific scope and never emits an evaluative verdict (506ms)
  ok 219 [window3-spectral-ui] › ..\tests\window3_spectral\spectral_lab_ui.spec.ts:46:7 › Spectral Lab — region 1 (spectral abscissa curve) › renders x = mode k, y = Re(λ) with the recorded q_at (749ms)
  ok 220 [window3-spectral-ui] › ..\tests\window3_spectral\spectral_lab_ui.spec.ts:54:7 › Spectral Lab — region 1 (spectral abscissa curve) › switching configuration changes the resolved q_at (four exact values) (1.1s)
  ok 221 [window3-spectral-ui] › ..\tests\window3_spectral\spectral_lab_ui.spec.ts:64:7 › Spectral Lab — region 2 (mode detail) › renders the eigenmode for a saved selection with its index spaces (825ms)
  ok 222 [window3-spectral-ui] › ..\tests\window3_spectral\spectral_lab_ui.spec.ts:71:7 › Spectral Lab — region 2 (mode detail) › a registered-but-unsaved mode rank shows Unavailable, never a blank frame (552ms)
  ok 223 [window3-spectral-ui] › ..\tests\window3_spectral\spectral_lab_ui.spec.ts:80:7 › Spectral Lab — region 2 (mode detail) › selecting a different mode index re-reads the eigenmode (877ms)
  ok 224 [window3-spectral-ui] › ..\tests\window3_spectral\spectral_lab_ui.spec.ts:88:7 › Spectral Lab — region 3 (growth validation) › renders linear vs CFD with recorded rates and an explicit missing history (1.4s)
  ok 225 [window3-spectral-ui] › ..\tests\window3_spectral\spectral_lab_ui.spec.ts:99:7 › Spectral Lab — loading state › a slow spectral provider surfaces a Loading state first (506ms)

  225 passed (10.5m)
<testsuites id="" name="" tests="225" failures="0" skipped="0" errors="0" time="627.612999">
<testsuite name="tests\data-projection.unit.spec.ts" timestamp="2026-10-03T07:09:54.804Z" hostname="unit" tests="5" failures="0" skipped="0" time="0.006" errors="0">
<testcase name="recorded zero remains zero" classname="tests\data-projection.unit.spec.ts" time="0.004">
</testcase>
<testcase name="UNKNOWN is never projected to zero" classname="tests\data-projection.unit.spec.ts" time="0.001">
</testcase>
<testcase name="MISSING is never projected to zero" classname="tests\data-projection.unit.spec.ts" time="0">
</testcase>
<testcase name="NOT_APPLICABLE is never projected to zero" classname="tests\data-projection.unit.spec.ts" time="0">
</testcase>
<testcase name="recorded physical time keeps its full precision" classname="tests\data-projection.unit.spec.ts" time="0.001">
</testcase>
</testsuite>
<testsuite name="tests\evidence.unit.spec.ts" timestamp="2026-10-03T07:09:54.804Z" hostname="unit" tests="10" failures="0" skipped="0" time="0.006" errors="0">
<testcase name="recorded zero and false remain known; unknown facts carry reasons" classname="tests\evidence.unit.spec.ts" time="0.001">
</testcase>
<testcase name="verification mapping retains every frozen status and distinguishes history and unfrozen evidence" classname="tests\evidence.unit.spec.ts" time="0.002">
</testcase>
<testcase name="public provenance and error text strip locators while preserving controlled relative origins" classname="tests\evidence.unit.spec.ts" time="0.002">
</testcase>
<testcase name="unsafe return context rejected: null" classname="tests\evidence.unit.spec.ts" time="0">
</testcase>
<testcase name="unsafe return context rejected: {broken" classname="tests\evidence.unit.spec.ts" time="0">
</testcase>
<testcase name="unsafe return context rejected: {&quot;name&quot;:&quot;https://evil.example&quot;}" classname="tests\evidence.unit.spec.ts" time="0">
</testcase>
<testcase name="unsafe return context rejected: {&quot;name&quot;:&quot;lab&quot;,&quot;path&quot;:&quot;file:///D:/science&quot;}" classname="tests\evidence.unit.spec.ts" time="0">
</testcase>
<testcase name="unsafe return context rejected: {&quot;name&quot;:&quot;experiment&quot;}" classname="tests\evidence.unit.spec.ts" time="0">
</testcase>
<testcase name="unsafe return context rejected: {&quot;name&quot;:&quot;lab&quot;,&quot;query&quot;:{&quot;nested&quot;:{}}}" classname="tests\evidence.unit.spec.ts" time="0">
</testcase>
<testcase name="result and center return contexts preserve exact selectors" classname="tests\evidence.unit.spec.ts" time="0.001">
</testcase>
</testsuite>
<testsuite name="tests\localization.unit.spec.ts" timestamp="2026-10-03T07:09:54.804Z" hostname="unit" tests="3" failures="0" skipped="0" time="0.012" errors="0">
<testcase name="presentation preserves scientific identities, formulas, precision and recorded zero" classname="tests\localization.unit.spec.ts" time="0.008">
</testcase>
<testcase name="chart localization copies labels without rewriting or mutating scientific data" classname="tests\localization.unit.spec.ts" time="0.002">
</testcase>
<testcase name="seven scenes retain strict-1D zero-output and modal/comparison boundaries" classname="tests\localization.unit.spec.ts" time="0.002">
</testcase>
</testsuite>
<testsuite name="tests\allocation-real-api.spec.ts" timestamp="2026-10-03T07:09:54.804Z" hostname="phase5-10-real-api" tests="6" failures="0" skipped="0" time="11.708" errors="0">
<testcase name="explicit allocation outage stays unsupported without a fake map" classname="tests\allocation-real-api.spec.ts" time="0.598">
</testcase>
<testcase name="real Lab -&gt; Case8 -&gt; Allocation -&gt; D_u -&gt; all Gates -&gt; Evidence" classname="tests\allocation-real-api.spec.ts" time="8.56">
</testcase>
<testcase name="rejects an API representation mismatch without drawing a field" classname="tests\allocation-real-api.spec.ts" time="1.088">
</testcase>
<testcase name="rejects an API semantic mismatch without drawing a field" classname="tests\allocation-real-api.spec.ts" time="0.463">
</testcase>
<testcase name="rejects an API mask mismatch without drawing a field" classname="tests\allocation-real-api.spec.ts" time="0.556">
</testcase>
<testcase name="rejects an API measure mismatch without drawing a field" classname="tests\allocation-real-api.spec.ts" time="0.443">
</testcase>
</testsuite>
<testsuite name="tests\case8-acceptance.spec.ts" timestamp="2026-10-03T07:09:54.804Z" hostname="phase5-10-real-api" tests="12" failures="0" skipped="0" time="9.735" errors="0">
<testcase name="Case8 acceptance chain › every recorded snapshot index is addressable and index 0 is refused" classname="tests\case8-acceptance.spec.ts" time="0.458">
</testcase>
<testcase name="Case8 acceptance chain › the initial frame is snapshot 1 with step 0, not snapshot 0" classname="tests\case8-acceptance.spec.ts" time="0.575">
</testcase>
<testcase name="Case8 acceptance chain › snapshot 6 of D_u shows step 1912 and physical time 0.08" classname="tests\case8-acceptance.spec.ts" time="0.573">
</testcase>
<testcase name="Case8 acceptance chain › entropy tab reports a 1912-record series for the selected configuration" classname="tests\case8-acceptance.spec.ts" time="3.139">
</testcase>
<testcase name="Case8 acceptance chain › metrics tab reports the recorded snapshot scope and definitions" classname="tests\case8-acceptance.spec.ts" time="0.469">
</testcase>
<testcase name="Case8 acceptance chain › an absent metric is rendered as missing, never as zero" classname="tests\case8-acceptance.spec.ts" time="0.23">
</testcase>
<testcase name="Case8 acceptance chain › evidence view exposes provenance without an absolute source path" classname="tests\case8-acceptance.spec.ts" time="0.265">
</testcase>
<testcase name="state restoration › reloading a deep link restores the selection" classname="tests\case8-acceptance.spec.ts" time="0.46">
</testcase>
<testcase name="state restoration › back navigation restores the previous tab selection" classname="tests\case8-acceptance.spec.ts" time="0.285">
</testcase>
<testcase name="state restoration › switching configuration clears the previous selection" classname="tests\case8-acceptance.spec.ts" time="0.486">
</testcase>
<testcase name="state restoration › the snapshot timeline offers exactly the six recorded frames" classname="tests\case8-acceptance.spec.ts" time="0.463">
</testcase>
<testcase name="bootstrap chain still holds › the frozen bootstrap route chain is unchanged" classname="tests\case8-acceptance.spec.ts" time="2.332">
</testcase>
</testsuite>
<testsuite name="tests\case8-real-integration.spec.ts" timestamp="2026-10-03T07:09:54.804Z" hostname="phase5-10-real-api" tests="2" failures="0" skipped="0" time="25.428" errors="0">
<testcase name="real vertical slice and four-configuration acceptance" classname="tests\case8-real-integration.spec.ts" time="25.182">
</testcase>
<testcase name="real API outage shows an error without a mock fallback" classname="tests\case8-real-integration.spec.ts" time="0.246">
</testcase>
</testsuite>
<testsuite name="tests\closure-real-api.spec.ts" timestamp="2026-10-03T07:09:54.804Z" hostname="phase5-10-real-api" tests="21" failures="0" skipped="0" time="184.055" errors="0">
<testcase name="Lab opens Closure and traverses D_u .05 stages, steps, Evidence and B_u recorded zero" classname="tests\closure-real-api.spec.ts" time="45.284">
</testcase>
<testcase name="CLO01 supplies exactly five complete legal selections; every run is selectable" classname="tests\closure-real-api.spec.ts" time="1.803">
</testcase>
<testcase name="invalid config × CFL deep link produces no history request or result" classname="tests\closure-real-api.spec.ts" time="1.566">
</testcase>
<testcase name="Semi-discrete preserves PER_STAGE records, clocks, definitions and optional channels" classname="tests\closure-real-api.spec.ts" time="17.244">
</testcase>
<testcase name="Fully-discrete keeps increments, cumulative and terminal values distinct through final page" classname="tests\closure-real-api.spec.ts" time="18.691">
</testcase>
<testcase name="B_u D_at and E_at are recorded zeros, never missing" classname="tests\closure-real-api.spec.ts" time="18.916">
</testcase>
<testcase name="four-point refinement and global/pairwise orders equal frozen CLO05" classname="tests\closure-real-api.spec.ts" time="1.403">
</testcase>
<testcase name="scientific limitation remains visible on every tab, with no prohibited claim or spatial view" classname="tests\closure-real-api.spec.ts" time="18.017">
</testcase>
<testcase name="Evidence run returns current run/tab/page from overview" classname="tests\closure-real-api.spec.ts" time="3.875">
</testcase>
<testcase name="Evidence stage returns current run/tab/page from semi-discrete" classname="tests\closure-real-api.spec.ts" time="8.273">
</testcase>
<testcase name="Evidence step returns current run/tab/page from fully-discrete" classname="tests\closure-real-api.spec.ts" time="18.696">
</testcase>
<testcase name="Evidence run returns current run/tab/page from evidence" classname="tests\closure-real-api.spec.ts" time="14.129">
</testcase>
<testcase name="Evidence tab exposes all runs, both history groups, and refinement; refinement returns same run" classname="tests\closure-real-api.spec.ts" time="2.307">
</testcase>
<testcase name="changing run while history is in flight cannot show stale scientific data" classname="tests\closure-real-api.spec.ts" time="7.165">
</testcase>
<testcase name="scientific missing response remains missing, without a substitute chart" classname="tests\closure-real-api.spec.ts" time="1.057">
</testcase>
<testcase name="non-production science is rejected even if API transport reports success" classname="tests\closure-real-api.spec.ts" time="1.072">
</testcase>
<testcase name="API registry failure displays error and no mock fallback" classname="tests\closure-real-api.spec.ts" time="0.246">
</testcase>
<testcase name="API stage failure displays error and no mock fallback" classname="tests\closure-real-api.spec.ts" time="1.593">
</testcase>
<testcase name="API step failure displays error and no mock fallback" classname="tests\closure-real-api.spec.ts" time="1.605">
</testcase>
<testcase name="API refinement failure displays error and no mock fallback" classname="tests\closure-real-api.spec.ts" time="1.071">
</testcase>
<testcase name="production artifacts contain no mock provider or synthetic scientific payload" classname="tests\closure-real-api.spec.ts" time="0.042">
</testcase>
</testsuite>
<testsuite name="tests\cylinder-crossflow-real-api.spec.ts" timestamp="2026-10-03T07:09:54.804Z" hostname="phase5-10-real-api" tests="20" failures="0" skipped="0" time="80.873" errors="0">
<testcase name="Cylinder A_u: exact tabs, selectors and five actual snapshots" classname="tests\cylinder-crossflow-real-api.spec.ts" time="6.171">
</testcase>
<testcase name="Cylinder A_u: 16 trajectory sectors, front-band and cumulative2D Missing" classname="tests\cylinder-crossflow-real-api.spec.ts" time="1.108">
</testcase>
<testcase name="Cylinder B_u: exact tabs, selectors and five actual snapshots" classname="tests\cylinder-crossflow-real-api.spec.ts" time="5.632">
</testcase>
<testcase name="Cylinder B_u: 16 trajectory sectors, front-band and cumulative2D Missing" classname="tests\cylinder-crossflow-real-api.spec.ts" time="1.084">
</testcase>
<testcase name="Cylinder D_u: exact tabs, selectors and five actual snapshots" classname="tests\cylinder-crossflow-real-api.spec.ts" time="6.122">
</testcase>
<testcase name="Cylinder D_u: 16 trajectory sectors, front-band and cumulative2D Missing" classname="tests\cylinder-crossflow-real-api.spec.ts" time="1.078">
</testcase>
<testcase name="Cylinder full 9757-record history retains scalar semantics and independent snapshot state" classname="tests\cylinder-crossflow-real-api.spec.ts" time="38.476">
</testcase>
<testcase name="Cylinder local canonical metrics retain definitions, detectors, units, time and detector floor" classname="tests\cylinder-crossflow-real-api.spec.ts" time="0.651">
</testcase>
<testcase name="Cylinder evidence return restores config, tab, snapshot, field and scalar state" classname="tests\cylinder-crossflow-real-api.spec.ts" time="3.84">
</testcase>
<testcase name="Cross-flow renders distinct scientific objects, policies, comparability and both evidence contexts" classname="tests\cylinder-crossflow-real-api.spec.ts" time="8.192">
</testcase>
<testcase name="API outage has no mock fallback: /lab/experiments/cylinder?tab=flow" classname="tests\cylinder-crossflow-real-api.spec.ts" time="0.257">
</testcase>
<testcase name="API outage has no mock fallback: /lab/experiments/cylinder?tab=entropy" classname="tests\cylinder-crossflow-real-api.spec.ts" time="0.259">
</testcase>
<testcase name="API outage has no mock fallback: /lab/experiments/cylinder?tab=sectors" classname="tests\cylinder-crossflow-real-api.spec.ts" time="0.263">
</testcase>
<testcase name="API outage has no mock fallback: /lab/experiments/cylinder?tab=metrics" classname="tests\cylinder-crossflow-real-api.spec.ts" time="0.261">
</testcase>
<testcase name="API outage has no mock fallback: /cross-flow" classname="tests\cylinder-crossflow-real-api.spec.ts" time="0.262">
</testcase>
<testcase name="field asset failure shows Missing without substituting another frame" classname="tests\cylinder-crossflow-real-api.spec.ts" time="1.085">
</testcase>
<testcase name="invalid snapshot and unsupported config deep links never create frames or C_u selector" classname="tests\cylinder-crossflow-real-api.spec.ts" time="1.114">
</testcase>
<testcase name="Lab navigation opens Cylinder and cross-flow routes" classname="tests\cylinder-crossflow-real-api.spec.ts" time="1.152">
</testcase>
<testcase name="production bundle contains zero mock implementation or fixture identifiers" classname="tests\cylinder-crossflow-real-api.spec.ts" time="0.014">
</testcase>
<testcase name="Cylinder config changes retain selected tab and replace allocation identity" classname="tests\cylinder-crossflow-real-api.spec.ts" time="3.852">
</testcase>
</testsuite>
<testsuite name="tests\evidence-real-api.spec.ts" timestamp="2026-10-03T07:09:54.804Z" hostname="phase5-10-real-api" tests="22" failures="0" skipped="0" time="32.587" errors="0">
<testcase name="Evidence navigation opens CURRENT with bounded EVI01 pagination and server filters" classname="tests\evidence-real-api.spec.ts" time="5.166">
</testcase>
<testcase name="GAPS exposes actual missing sources, effects and limits without repair actions" classname="tests\evidence-real-api.spec.ts" time="2.167">
</testcase>
<testcase name="HISTORY is a separate historical selection; details return exact center filters/page" classname="tests\evidence-real-api.spec.ts" time="5.281">
</testcase>
<testcase name="P09 renders complete canonical method/config/assets/freeze/processing/definitions/limitations/relations" classname="tests\evidence-real-api.spec.ts" time="0.578">
</testcase>
<testcase name="drift response remains inspectable, with distinct recorded/current facts and no availability claim" classname="tests\evidence-real-api.spec.ts" time="0.413">
</testcase>
<testcase name="source drift filters the current server page honestly without a forbidden query" classname="tests\evidence-real-api.spec.ts" time="0.344">
</testcase>
<testcase name="public text strips unsafe locators; all links are application routes and never downloads" classname="tests\evidence-real-api.spec.ts" time="0.357">
</testcase>
<testcase name="known superseded_by links to registered successor; unknown fields are never inferred" classname="tests\evidence-real-api.spec.ts" time="0.351">
</testcase>
<testcase name="Quick close, Quick→Detail, Detail→Result and browser Back preserve /lab/experiments/case8?config=D_u&amp;tab=allocation" classname="tests\evidence-real-api.spec.ts" time="2.325">
</testcase>
<testcase name="Quick close, Quick→Detail, Detail→Result and browser Back preserve /lab/experiments/case8?config=D_u&amp;tab=spectral&amp;spectral_q=spectrum.q-0.396&amp;spectral_mode=8" classname="tests\evidence-real-api.spec.ts" time="3.781">
</testcase>
<testcase name="Quick close, Quick→Detail, Detail→Result and browser Back preserve /explore?scene=6&amp;case8_config=D_u&amp;cylinder_config=B_u&amp;view=allocation" classname="tests\evidence-real-api.spec.ts" time="0.894">
</testcase>
<testcase name="Quick View traps focus, Escape closes, and changing route aborts stale evidence" classname="tests\evidence-real-api.spec.ts" time="1.741">
</testcase>
<testcase name="Mechanism own EVI03 evidence is non-numerical in Quick and P09" classname="tests\evidence-real-api.spec.ts" time="1.375">
</testcase>
<testcase name="Cylinder missing cumulative evidence stays MISSING and inspectable" classname="tests\evidence-real-api.spec.ts" time="0.367">
</testcase>
<testcase name="Closure evidence exposes recorded run and actual stage processing" classname="tests\evidence-real-api.spec.ts" time="1.087">
</testcase>
<testcase name="evidence index http error is explicit and retry uses real API without fallback" classname="tests\evidence-real-api.spec.ts" time="1.656">
</testcase>
<testcase name="evidence index network error is explicit and retry uses real API without fallback" classname="tests\evidence-real-api.spec.ts" time="1.656">
</testcase>
<testcase name="evidence record http error is explicit and retry uses real API without fallback" classname="tests\evidence-real-api.spec.ts" time="0.389">
</testcase>
<testcase name="evidence record network error is explicit and retry uses real API without fallback" classname="tests\evidence-real-api.spec.ts" time="0.361">
</testcase>
<testcase name="Quick evidence API outage does not fabricate record; close preserves live result" classname="tests\evidence-real-api.spec.ts" time="0.627">
</testcase>
<testcase name="Allocation family, gate and comparison survive full record, browser Back and reload" classname="tests\evidence-real-api.spec.ts" time="1.43">
</testcase>
<testcase name="unknown evidence ID has explicit missing state and no fabricated metadata" classname="tests\evidence-real-api.spec.ts" time="0.241">
</testcase>
</testsuite>
<testsuite name="tests\explore-real-api.spec.ts" timestamp="2026-10-03T07:09:54.804Z" hostname="phase5-10-real-api" tests="35" failures="0" skipped="0" time="59.684" errors="0">
<testcase name="Home and Lab enter implemented Explore; CONTENT01 returns exactly seven presets" classname="tests\explore-real-api.spec.ts" time="0.452">
</testcase>
<testcase name="Scene 1 direct deep link, reload and production screenshot" classname="tests\explore-real-api.spec.ts" time="8.121">
</testcase>
<testcase name="Scene 2 direct deep link, reload and production screenshot" classname="tests\explore-real-api.spec.ts" time="0.567">
</testcase>
<testcase name="Scene 3 direct deep link, reload and production screenshot" classname="tests\explore-real-api.spec.ts" time="0.486">
</testcase>
<testcase name="Scene 4 direct deep link, reload and production screenshot" classname="tests\explore-real-api.spec.ts" time="1.221">
</testcase>
<testcase name="Scene 5 direct deep link, reload and production screenshot" classname="tests\explore-real-api.spec.ts" time="1.093">
</testcase>
<testcase name="Scene 6 direct deep link, reload and production screenshot" classname="tests\explore-real-api.spec.ts" time="4.89">
</testcase>
<testcase name="Scene 7 direct deep link, reload and production screenshot" classname="tests\explore-real-api.spec.ts" time="0.727">
</testcase>
<testcase name="S1 reads B_u / D_u Case8 accepted histories and terminal facts verbatim" classname="tests\explore-real-api.spec.ts" time="6.284">
</testcase>
<testcase name="S2 schematic and S3 strict/weak plus off/enabled use shared MechanismView" classname="tests\explore-real-api.spec.ts" time="0.411">
</testcase>
<testcase name="S4 Gate matched q_at, common API scale, fixed window and saved fractions" classname="tests\explore-real-api.spec.ts" time="0.861">
</testcase>
<testcase name="S5 complete real SPEC02 curves retain negative, positive and near-zero directions" classname="tests\explore-real-api.spec.ts" time="1.021">
</testcase>
<testcase name="S6 CMP01 fixed D_u pair keeps independent renderers, policies and missing 2D" classname="tests\explore-real-api.spec.ts" time="2.108">
</testcase>
<testcase name="S7 real per-result evidence loads one record with identity/config/hash/limits; Detail returns" classname="tests\explore-real-api.spec.ts" time="0.495">
</testcase>
<testcase name="Previous / Next, scene navigation and browser Back restore only Scene/page" classname="tests\explore-real-api.spec.ts" time="2.927">
</testcase>
<testcase name="S1 Open in Lab carries legal configuration/tab/source_scene and explicit return survives reload" classname="tests\explore-real-api.spec.ts" time="5.221">
</testcase>
<testcase name="S4 Open in Lab carries legal configuration/tab/source_scene and explicit return survives reload" classname="tests\explore-real-api.spec.ts" time="3.231">
</testcase>
<testcase name="S5 Open in Lab carries legal configuration/tab/source_scene and explicit return survives reload" classname="tests\explore-real-api.spec.ts" time="0.661">
</testcase>
<testcase name="S6 Open in Lab carries legal configuration/tab/source_scene and explicit return survives reload" classname="tests\explore-real-api.spec.ts" time="2.895">
</testcase>
<testcase name="S7 Open in Lab carries legal configuration/tab/source_scene and explicit return survives reload" classname="tests\explore-real-api.spec.ts" time="0.521">
</testcase>
<testcase name="invalid scene &quot;0&quot; has error and no scientific content" classname="tests\explore-real-api.spec.ts" time="0.263">
</testcase>
<testcase name="invalid scene &quot;8&quot; has error and no scientific content" classname="tests\explore-real-api.spec.ts" time="0.258">
</testcase>
<testcase name="invalid scene &quot;-1&quot; has error and no scientific content" classname="tests\explore-real-api.spec.ts" time="0.268">
</testcase>
<testcase name="invalid scene &quot;abc&quot; has error and no scientific content" classname="tests\explore-real-api.spec.ts" time="0.261">
</testcase>
<testcase name="invalid scene &quot;1.5&quot; has error and no scientific content" classname="tests\explore-real-api.spec.ts" time="0.262">
</testcase>
<testcase name="invalid scene &quot;&quot; has error and no scientific content" classname="tests\explore-real-api.spec.ts" time="0.269">
</testcase>
<testcase name="S1 scientific API failure is explicit with no mock fallback" classname="tests\explore-real-api.spec.ts" time="0.348">
</testcase>
<testcase name="S2 scientific API failure is explicit with no mock fallback" classname="tests\explore-real-api.spec.ts" time="0.573">
</testcase>
<testcase name="S4 scientific API failure is explicit with no mock fallback" classname="tests\explore-real-api.spec.ts" time="0.557">
</testcase>
<testcase name="S5 scientific API failure is explicit with no mock fallback" classname="tests\explore-real-api.spec.ts" time="0.277">
</testcase>
<testcase name="S6 scientific API failure is explicit with no mock fallback" classname="tests\explore-real-api.spec.ts" time="0.264">
</testcase>
<testcase name="S7 scientific API failure is explicit with no mock fallback" classname="tests\explore-real-api.spec.ts" time="0.259">
</testcase>
<testcase name="CONTENT01 outage prevents science; production bundle excludes synthetic providers" classname="tests\explore-real-api.spec.ts" time="0.285">
</testcase>
<testcase name="Lab edits preserve the original Explore return context" classname="tests\explore-real-api.spec.ts" time="4.856">
</testcase>
<testcase name="rapid Scene changes and selected S7 evidence cannot display stale data" classname="tests\explore-real-api.spec.ts" time="6.491">
</testcase>
</testsuite>
<testsuite name="tests\mechanism-real-api.spec.ts" timestamp="2026-10-03T07:09:54.804Z" hostname="phase5-10-real-api" tests="17" failures="0" skipped="0" time="6.989" errors="0">
<testcase name="Lab route opens/reloads CONTENT03 real API with every registered node and edge" classname="tests\mechanism-real-api.spec.ts" time="0.936">
</testcase>
<testcase name="STRICT_1D / q_at OFF: receiving content and output remain separate from trigger" classname="tests\mechanism-real-api.spec.ts" time="0.342">
</testcase>
<testcase name="STRICT_1D / q_at ENABLED: receiving content and output remain separate from trigger" classname="tests\mechanism-real-api.spec.ts" time="0.429">
</testcase>
<testcase name="WEAKLY_2D / q_at OFF: receiving content and output remain separate from trigger" classname="tests\mechanism-real-api.spec.ts" time="0.328">
</testcase>
<testcase name="WEAKLY_2D / q_at ENABLED: receiving content and output remain separate from trigger" classname="tests\mechanism-real-api.spec.ts" time="0.324">
</testcase>
<testcase name="trigger/output have distinct visual and semantic roles; keyboard and delta_t wording" classname="tests\mechanism-real-api.spec.ts" time="0.366">
</testcase>
<testcase name="Near1D theory only; no sliders, numeric points or numerical chart" classname="tests\mechanism-real-api.spec.ts" time="0.271">
</testcase>
<testcase name="node evidence quick/detail uses EVI02 and restores full mechanism state" classname="tests\mechanism-real-api.spec.ts" time="0.511">
</testcase>
<testcase name="Explore S2 shares MechanismView, returns to source_scene and browser Back works" classname="tests\mechanism-real-api.spec.ts" time="0.58">
</testcase>
<testcase name="Explore S3 shares MechanismView, returns to source_scene and browser Back works" classname="tests\mechanism-real-api.spec.ts" time="0.592">
</testcase>
<testcase name="browser Back restores discrete state and node selection" classname="tests\mechanism-real-api.spec.ts" time="0.319">
</testcase>
<testcase name="CONTENT03 network failure shows error, no mock fallback; retry recovers" classname="tests\mechanism-real-api.spec.ts" time="0.323">
</testcase>
<testcase name="CONTENT03 http failure shows error, no mock fallback; retry recovers" classname="tests\mechanism-real-api.spec.ts" time="0.315">
</testcase>
<testcase name="CONTENT03 envelope failure shows error, no mock fallback; retry recovers" classname="tests\mechanism-real-api.spec.ts" time="0.365">
</testcase>
<testcase name="CONTENT03 origin failure shows error, no mock fallback; retry recovers" classname="tests\mechanism-real-api.spec.ts" time="0.34">
</testcase>
<testcase name="evidence outage leaves schematic visible and shows no fabricated record" classname="tests\mechanism-real-api.spec.ts" time="0.327">
</testcase>
<testcase name="Explore metadata outage and invalid scene cannot fabricate S2/S3" classname="tests\mechanism-real-api.spec.ts" time="0.321">
</testcase>
</testsuite>
<testsuite name="tests\phase10-final-integration.spec.ts" timestamp="2026-10-03T07:09:54.804Z" hostname="phase5-10-real-api" tests="1" failures="0" skipped="0" time="6.807" errors="0">
<testcase name="Entry → Home → seven real Scenes → Evidence Detail → Scene → Lab → original Scene" classname="tests\phase10-final-integration.spec.ts" time="6.807">
</testcase>
</testsuite>
<testsuite name="tests\phase11-final-integration.spec.ts" timestamp="2026-10-03T07:09:54.804Z" hostname="phase5-10-real-api" tests="10" failures="0" skipped="0" time="65.782" errors="0">
<testcase name="W3 Case8 D_u Allocation traces source/hash/processing and restores result" classname="tests\phase11-final-integration.spec.ts" time="1.706">
</testcase>
<testcase name="W3 Gate Acoustic traces matched configuration, native map, mask and summary" classname="tests\phase11-final-integration.spec.ts" time="2.134">
</testcase>
<testcase name="W3 q_at=.396 mode8 traces eigenmode and Spectrum provenance without changing selectors" classname="tests\phase11-final-integration.spec.ts" time="3.441">
</testcase>
<testcase name="W3 Modal Validation history resolves the actual selected eigenpair via SPEC05 and EVI03" classname="tests\phase11-final-integration.spec.ts" time="1.594">
</testcase>
<testcase name="W3 Cylinder D_u sectors trace J2C-v2 sources and limitation" classname="tests\phase11-final-integration.spec.ts" time="2.748">
</testcase>
<testcase name="W3 Cross-flow D_u/D_u preserves independent evidence and descriptive policies" classname="tests\phase11-final-integration.spec.ts" time="4.551">
</testcase>
<testcase name="W3 Closure D_u CFL=.05 stage and step records retain freeze binding" classname="tests\phase11-final-integration.spec.ts" time="26.866">
</testcase>
<testcase name="W3 Mechanism SCHEMATIC theory/implementation stays nonnumerical" classname="tests\phase11-final-integration.spec.ts" time="6.391">
</testcase>
<testcase name="W3 three required GAPS have no values, fake plots or reconstruct actions" classname="tests\phase11-final-integration.spec.ts" time="2.173">
</testcase>
<testcase name="W3 Home→Lab reaches each implemented module and Evidence navigation" classname="tests\phase11-final-integration.spec.ts" time="14.178">
</testcase>
</testsuite>
<testsuite name="tests\phase12-final-integration.spec.ts" timestamp="2026-10-03T07:09:54.804Z" hostname="phase5-10-real-api" tests="9" failures="0" skipped="0" time="28.049" errors="0">
<testcase name="V1 Lab catalog opens all six delivered experiments from production API" classname="tests\phase12-final-integration.spec.ts" time="20.515">
</testcase>
<testcase name="V1 config-disabled Allocation keeps URL, explanation, Back/Forward and no invented field" classname="tests\phase12-final-integration.spec.ts" time="3.194">
</testcase>
<testcase name="V1 gate hides absent capabilities and preserves unsupported deep link" classname="tests\phase12-final-integration.spec.ts" time="0.618">
</testcase>
<testcase name="V1 spectrum hides absent capabilities and preserves unsupported deep link" classname="tests\phase12-final-integration.spec.ts" time="0.639">
</testcase>
<testcase name="V1 modal-validation hides absent capabilities and preserves unsupported deep link" classname="tests\phase12-final-integration.spec.ts" time="0.811">
</testcase>
<testcase name="V1 metadata API failure preserves location and explicit error without scientific fallback" classname="tests\phase12-final-integration.spec.ts" time="0.224">
</testcase>
<testcase name="V1 case8 unknown view remains an explicit unsupported location" classname="tests\phase12-final-integration.spec.ts" time="0.231">
</testcase>
<testcase name="V1 cylinder unknown view remains an explicit unsupported location" classname="tests\phase12-final-integration.spec.ts" time="0.242">
</testcase>
<testcase name="V1 entropy-closure unknown view remains an explicit unsupported location" classname="tests\phase12-final-integration.spec.ts" time="1.575">
</testcase>
</testsuite>
<testsuite name="tests\routes.spec.ts" timestamp="2026-10-03T07:09:54.804Z" hostname="phase5-10-real-api" tests="5" failures="0" skipped="0" time="1.515" errors="0">
<testcase name="opens and reloads /" classname="tests\routes.spec.ts" time="0.302">
</testcase>
<testcase name="opens and reloads /home" classname="tests\routes.spec.ts" time="0.297">
</testcase>
<testcase name="opens and reloads /lab" classname="tests\routes.spec.ts" time="0.289">
</testcase>
<testcase name="opens and reloads /lab/experiments/case8" classname="tests\routes.spec.ts" time="0.293">
</testcase>
<testcase name="opens and reloads /evidence/ev.case8.D_u.snapshot.6.density" classname="tests\routes.spec.ts" time="0.334">
</testcase>
</testsuite>
<testsuite name="tests\spectral-real-api.spec.ts" timestamp="2026-10-03T07:09:54.804Z" hostname="phase5-10-real-api" tests="6" failures="0" skipped="0" time="38.713" errors="0">
<testcase name="real spectral outage is surfaced honestly with no fabricated curve" classname="tests\spectral-real-api.spec.ts" time="0.473">
</testcase>
<testcase name="real Spectral Lab reads recorded frozen facts" classname="tests\spectral-real-api.spec.ts" time="2.021">
</testcase>
<testcase name="all four real configurations expose every recorded mode and restore evidence context" classname="tests\spectral-real-api.spec.ts" time="32.591">
</testcase>
<testcase name="real provider reports a missing saved vector explicitly" classname="tests\spectral-real-api.spec.ts" time="0.912">
</testcase>
<testcase name="real eigenmode rejects an array result identity mismatch" classname="tests\spectral-real-api.spec.ts" time="1.123">
</testcase>
<testcase name="real eigenmode rejects an array element count mismatch" classname="tests\spectral-real-api.spec.ts" time="1.593">
</testcase>
</testsuite>
<testsuite name="tests\v2-p1-experiments.spec.ts" timestamp="2026-10-03T07:09:54.804Z" hostname="phase5-10-real-api" tests="5" failures="0" skipped="0" time="2.723" errors="0">
<testcase name="template and form share hash, paper changes preserve lineage, confirmation invalidates" classname="tests\v2-p1-experiments.spec.ts" time="0.691">
</testcase>
<testcase name="benchmarked fast and unavailable AI stay explicit; reload and navigation work" classname="tests\v2-p1-experiments.spec.ts" time="0.594">
</testcase>
<testcase name="natural language UI uses real validation summary and requires clarification" classname="tests\v2-p1-experiments.spec.ts" time="0.576">
</testcase>
<testcase name="backend capability errors are shown and retry can validate" classname="tests\v2-p1-experiments.spec.ts" time="0.377">
</testcase>
<testcase name="mobile builder has no horizontal overflow and can confirm configuration" classname="tests\v2-p1-experiments.spec.ts" time="0.485">
</testcase>
</testsuite>
<testsuite name="tests\phase8-final-integration.spec.ts" timestamp="2026-10-03T07:09:54.804Z" hostname="phase8-real-api" tests="1" failures="0" skipped="0" time="28.467" errors="0">
<testcase name="Phase8D real Cylinder D_u journey, D_u versus D_u and actual cumulative2D absence" classname="tests\phase8-final-integration.spec.ts" time="28.467">
</testcase>
</testsuite>
<testsuite name="..\tests\window3_frontend\case8_slice.spec.ts" timestamp="2026-10-03T07:09:54.804Z" hostname="window3-mock-development" tests="16" failures="0" skipped="0" time="11.916" errors="0">
<testcase name="Entry -&gt; Home -&gt; Lab -&gt; Case8 chain › Entry shows identity and enters the system" classname="..\tests\window3_frontend\case8_slice.spec.ts" time="0.609">
</testcase>
<testcase name="Entry -&gt; Home -&gt; Lab -&gt; Case8 chain › Home shows the scientific question, implemented Explore, and Lab entry" classname="..\tests\window3_frontend\case8_slice.spec.ts" time="0.536">
</testcase>
<testcase name="Entry -&gt; Home -&gt; Lab -&gt; Case8 chain › Lab marks only Case8 IMPLEMENTED and others PLANNED (never MISSING data)" classname="..\tests\window3_frontend\case8_slice.spec.ts" time="0.523">
</testcase>
<testcase name="Case8 config switching › A/B/C/D are selectable and update the overview" classname="..\tests\window3_frontend\case8_slice.spec.ts" time="0.582">
</testcase>
<testcase name="Case8 config switching › Allocation is family-present but disabled for A/B/C and explained" classname="..\tests\window3_frontend\case8_slice.spec.ts" time="0.526">
</testcase>
<testcase name="Flow snapshots › snapshots 1..6 render with &quot;Snapshot n / 6&quot; and actual step/time" classname="..\tests\window3_frontend\case8_slice.spec.ts" time="1.928">
</testcase>
<testcase name="Flow snapshots › snapshot 0 is not offered as a recorded index" classname="..\tests\window3_frontend\case8_slice.spec.ts" time="0.52">
</testcase>
<testcase name="Flow snapshots › field switch re-renders density / pressure / front" classname="..\tests\window3_frontend\case8_slice.spec.ts" time="1.298">
</testcase>
<testcase name="Entropy + dual time › entropy chart renders and selecting a step shows both times" classname="..\tests\window3_frontend\case8_slice.spec.ts" time="0.888">
</testcase>
<testcase name="Entropy + dual time › selecting a scalar step also works via a chart click" classname="..\tests\window3_frontend\case8_slice.spec.ts" time="0.812">
</testcase>
<testcase name="Metrics › each metric shows value with definition, unit, detector and evidence link" classname="..\tests\window3_frontend\case8_slice.spec.ts" time="0.611">
</testcase>
<testcase name="Evidence navigation and return context › mock Evidence tab -&gt; Quick -&gt; P09 missing state -&gt; back restores experiment/config/tab" classname="..\tests\window3_frontend\case8_slice.spec.ts" time="0.753">
</testcase>
<testcase name="Evidence navigation and return context › direct evidence deep link has no fake back target" classname="..\tests\window3_frontend\case8_slice.spec.ts" time="0.43">
</testcase>
<testcase name="Refresh / deep-link recovery › refresh keeps config, tab and snapshot" classname="..\tests\window3_frontend\case8_slice.spec.ts" time="0.931">
</testcase>
<testcase name="Refresh / deep-link recovery › unknown experiment shows a system fallback" classname="..\tests\window3_frontend\case8_slice.spec.ts" time="0.414">
</testcase>
<testcase name="MOCK labelling › mock badge is visibly present on data pages" classname="..\tests\window3_frontend\case8_slice.spec.ts" time="0.555">
</testcase>
</testsuite>
<testsuite name="..\tests\window4_allocation\allocation_ui.spec.ts" timestamp="2026-10-03T07:09:54.804Z" hostname="window4-allocation-ui" tests="10" failures="0" skipped="0" time="7.854" errors="0">
<testcase name="Allocation tab — Case8 D_u FACE_FIELD › shows representation_type FACE_FIELD with face measure and two orientations" classname="..\tests\window4_allocation\allocation_ui.spec.ts" time="0.754">
</testcase>
<testcase name="Allocation tab — Case8 D_u FACE_FIELD › shows the per-orientation mask identity and both mask counts" classname="..\tests\window4_allocation\allocation_ui.spec.ts" time="0.695">
</testcase>
<testcase name="Allocation tab — Case8 D_u FACE_FIELD › shows definition, verification and evidence blocks" classname="..\tests\window4_allocation\allocation_ui.spec.ts" time="0.697">
</testcase>
<testcase name="Allocation tab — Case8 D_u FACE_FIELD › summary shows budget and inside fraction" classname="..\tests\window4_allocation\allocation_ui.spec.ts" time="0.681">
</testcase>
<testcase name="Allocation tab — Gate CELL_FIELD › switching family shows CELL_FIELD with cell measure and one field" classname="..\tests\window4_allocation\allocation_ui.spec.ts" time="0.73">
</testcase>
<testcase name="Allocation tab — Gate CELL_FIELD › all three Gate configs render a cell map with matched-budget summaries" classname="..\tests\window4_allocation\allocation_ui.spec.ts" time="1.224">
</testcase>
<testcase name="Allocation tab — Gate CELL_FIELD › cell mask identity is distinct from the Case8 face mask" classname="..\tests\window4_allocation\allocation_ui.spec.ts" time="0.917">
</testcase>
<testcase name="The two representations are never the same object › FACE and CELL differ in representation, measure, mask and raster" classname="..\tests\window4_allocation\allocation_ui.spec.ts" time="0.936">
</testcase>
<testcase name="Allocation capability gating › allocation tab stays disabled for A/B/C and enabled for D_u" classname="..\tests\window4_allocation\allocation_ui.spec.ts" time="0.516">
</testcase>
<testcase name="Allocation capability gating › mock badge is visible on the allocation tab" classname="..\tests\window4_allocation\allocation_ui.spec.ts" time="0.704">
</testcase>
</testsuite>
<testsuite name="..\tests\window3_spectral\spectral_lab_ui.spec.ts" timestamp="2026-10-03T07:09:54.804Z" hostname="window3-spectral-ui" tests="9" failures="0" skipped="0" time="7.059" errors="0">
<testcase name="Spectral Lab — route and scope › is reachable via the independent workspace shortcut and legacy deep link" classname="..\tests\window3_spectral\spectral_lab_ui.spec.ts" time="0.599">
</testcase>
<testcase name="Spectral Lab — route and scope › states the scientific scope and never emits an evaluative verdict" classname="..\tests\window3_spectral\spectral_lab_ui.spec.ts" time="0.506">
</testcase>
<testcase name="Spectral Lab — region 1 (spectral abscissa curve) › renders x = mode k, y = Re(λ) with the recorded q_at" classname="..\tests\window3_spectral\spectral_lab_ui.spec.ts" time="0.749">
</testcase>
<testcase name="Spectral Lab — region 1 (spectral abscissa curve) › switching configuration changes the resolved q_at (four exact values)" classname="..\tests\window3_spectral\spectral_lab_ui.spec.ts" time="1.086">
</testcase>
<testcase name="Spectral Lab — region 2 (mode detail) › renders the eigenmode for a saved selection with its index spaces" classname="..\tests\window3_spectral\spectral_lab_ui.spec.ts" time="0.825">
</testcase>
<testcase name="Spectral Lab — region 2 (mode detail) › a registered-but-unsaved mode rank shows Unavailable, never a blank frame" classname="..\tests\window3_spectral\spectral_lab_ui.spec.ts" time="0.552">
</testcase>
<testcase name="Spectral Lab — region 2 (mode detail) › selecting a different mode index re-reads the eigenmode" classname="..\tests\window3_spectral\spectral_lab_ui.spec.ts" time="0.877">
</testcase>
<testcase name="Spectral Lab — region 3 (growth validation) › renders linear vs CFD with recorded rates and an explicit missing history" classname="..\tests\window3_spectral\spectral_lab_ui.spec.ts" time="1.359">
</testcase>
<testcase name="Spectral Lab — loading state › a slow spectral provider surfaces a Loading state first" classname="..\tests\window3_spectral\spectral_lab_ui.spec.ts" time="0.506">
</testcase>
</testsuite>
</testsuites>
