........................................................................ [  4%]
.......................s................................................ [  8%]
........................................................................ [ 13%]
........................................................................ [ 17%]
........................................................................ [ 22%]
........................................................................ [ 26%]
........................................................................ [ 31%]
........................................................................ [ 35%]
........................................................................ [ 40%]
........................................................................ [ 44%]
........................................................................ [ 49%]
........................................................................ [ 53%]
........................................................................ [ 58%]
........................................................................ [ 62%]
........................................................................ [ 67%]
........................................................................ [ 71%]
........................................................................ [ 76%]
........................................................................ [ 80%]
........................................................................ [ 85%]
........................................................................ [ 89%]
........................................................................ [ 94%]
........................................................................ [ 98%]
.................                                                        [100%]
1600 passed, 1 skipped in 884.33s (0:14:44)
