........................................................................ [  4%]
.......................s................................................ [  8%]
........................................................................ [ 13%]
........................................................................ [ 17%]
........................................................................ [ 22%]
........................................................................ [ 26%]
........................................................................ [ 30%]
........................................................................ [ 35%]
........................................................................ [ 39%]
........................................................................ [ 44%]
........................................................................ [ 48%]
........................................................................ [ 53%]
........................................................................ [ 57%]
........................................................................ [ 61%]
........................................................................ [ 66%]
........................................................................ [ 70%]
........................................................................ [ 75%]
........................................................................ [ 79%]
........................................................................ [ 84%]
........................................................................ [ 88%]
........................................................................ [ 92%]
........................................................................ [ 97%]
............................................                             [100%]
1627 passed, 1 skipped in 897.20s (0:14:57)
