node:internal/modules/run_main:107
    triggerUncaughtException(
    ^

ExpectError: expect(locator).toHaveText(expected) failed

Locator:  getByTestId('run-status')
Expected: "已完成"
Received: "正在求解"
Timeout:  180000ms

Call log:
  - Expect "toHaveText" getByTestId('run-status') with timeout 180000ms
  - waiting for getByTestId('run-status')
    6 × locator resolved to <strong data-v-5522cd04="" data-testid="run-status">正在启动</strong>
      - unexpected value "正在启动"
    344 × locator resolved to <strong data-v-5522cd04="" data-testid="run-status">正在求解</strong>
        - unexpected value "正在求解"

    at captureRawStack (D:\code_project\CFD_visiblesystem\frontend\node_modules\playwright-core\lib\coreBundle.js:8588:17)
    at callMatcherAsStep (D:\code_project\CFD_visiblesystem\frontend\node_modules\playwright\lib\matchers\expect.js:13310:57)
    at Object.toHaveText (D:\code_project\CFD_visiblesystem\frontend\node_modules\playwright\lib\matchers\expect.js:13302:23)
    at D:\code_project\CFD_visiblesystem\scripts\verification\v2_p6_browser.mjs:79:50 {
  matcherResult: {
    name: 'toHaveText',
    expected: '已完成',
    message: 'expect(locator).toHaveText(expected) failed\n' +
      '\n' +
      "Locator:  getByTestId('run-status')\n" +
      'Expected: "已完成"\n' +
      'Received: "正在求解"\n' +
      'Timeout:  180000ms\n' +
      '\n' +
      'Call log:\n' +
      `  - Expect "toHaveText" getByTestId('run-status') with timeout 180000ms\n` +
      "  - waiting for getByTestId('run-status')\n" +
      '    6 × locator resolved to <strong data-v-5522cd04="" data-testid="run-status">正在启动</strong>\n' +
      '      - unexpected value "正在启动"\n' +
      '    344 × locator resolved to <strong data-v-5522cd04="" data-testid="run-status">正在求解</strong>\n' +
      '        - unexpected value "正在求解"\n',
    pass: false,
    actual: '正在求解',
    log: [
      `  - Expect "toHaveText" getByTestId('run-status') with timeout 180000ms`,
      "  - waiting for getByTestId('run-status')",
      '    6 × locator resolved to <strong data-v-5522cd04="" data-testid="run-status">正在启动</strong>',
      '      - unexpected value "正在启动"',
      '    344 × locator resolved to <strong data-v-5522cd04="" data-testid="run-status">正在求解</strong>',
      '        - unexpected value "正在求解"'
    ],
    timeout: 180000,
    ariaSnapshot: '- strong: 正在求解'
  }
}

Node.js v24.11.1
